Archive member included to satisfy reference by file (symbol)

c:/program files (x86)/atmel/studio/7.0/toolchain/arm/arm-gnu-toolchain/bin/../lib/gcc/arm-none-eabi/6.3.1/thumb/v6-m\libgcc.a(_udivsi3.o)
                              hpl/core/hpl_core_m0plus_base.o (__aeabi_uidiv)
c:/program files (x86)/atmel/studio/7.0/toolchain/arm/arm-gnu-toolchain/bin/../lib/gcc/arm-none-eabi/6.3.1/thumb/v6-m\libgcc.a(_divsi3.o)
                              hal/src/hal_adc_async.o (__aeabi_idivmod)
c:/program files (x86)/atmel/studio/7.0/toolchain/arm/arm-gnu-toolchain/bin/../lib/gcc/arm-none-eabi/6.3.1/thumb/v6-m\libgcc.a(_dvmd_tls.o)
                              c:/program files (x86)/atmel/studio/7.0/toolchain/arm/arm-gnu-toolchain/bin/../lib/gcc/arm-none-eabi/6.3.1/thumb/v6-m\libgcc.a(_udivsi3.o) (__aeabi_idiv0)
c:/program files (x86)/atmel/studio/7.0/toolchain/arm/arm-gnu-toolchain/bin/../lib/gcc/arm-none-eabi/6.3.1/thumb/v6-m\libgcc.a(_aeabi_uldivmod.o)
                              hpl/sercom/hpl_sercom.o (__aeabi_uldivmod)
c:/program files (x86)/atmel/studio/7.0/toolchain/arm/arm-gnu-toolchain/bin/../lib/gcc/arm-none-eabi/6.3.1/thumb/v6-m\libgcc.a(_muldi3.o)
                              hpl/sercom/hpl_sercom.o (__aeabi_lmul)
c:/program files (x86)/atmel/studio/7.0/toolchain/arm/arm-gnu-toolchain/bin/../lib/gcc/arm-none-eabi/6.3.1/thumb/v6-m\libgcc.a(_fixunsdfsi.o)
                              hpl/sercom/hpl_sercom.o (__aeabi_d2uiz)
c:/program files (x86)/atmel/studio/7.0/toolchain/arm/arm-gnu-toolchain/bin/../lib/gcc/arm-none-eabi/6.3.1/thumb/v6-m\libgcc.a(_udivmoddi4.o)
                              c:/program files (x86)/atmel/studio/7.0/toolchain/arm/arm-gnu-toolchain/bin/../lib/gcc/arm-none-eabi/6.3.1/thumb/v6-m\libgcc.a(_aeabi_uldivmod.o) (__udivmoddi4)
c:/program files (x86)/atmel/studio/7.0/toolchain/arm/arm-gnu-toolchain/bin/../lib/gcc/arm-none-eabi/6.3.1/thumb/v6-m\libgcc.a(divdf3.o)
                              hpl/sercom/hpl_sercom.o (__aeabi_ddiv)
c:/program files (x86)/atmel/studio/7.0/toolchain/arm/arm-gnu-toolchain/bin/../lib/gcc/arm-none-eabi/6.3.1/thumb/v6-m\libgcc.a(muldf3.o)
                              hpl/sercom/hpl_sercom.o (__aeabi_dmul)
c:/program files (x86)/atmel/studio/7.0/toolchain/arm/arm-gnu-toolchain/bin/../lib/gcc/arm-none-eabi/6.3.1/thumb/v6-m\libgcc.a(subdf3.o)
                              hpl/sercom/hpl_sercom.o (__aeabi_dsub)
c:/program files (x86)/atmel/studio/7.0/toolchain/arm/arm-gnu-toolchain/bin/../lib/gcc/arm-none-eabi/6.3.1/thumb/v6-m\libgcc.a(fixdfsi.o)
                              c:/program files (x86)/atmel/studio/7.0/toolchain/arm/arm-gnu-toolchain/bin/../lib/gcc/arm-none-eabi/6.3.1/thumb/v6-m\libgcc.a(_fixunsdfsi.o) (__aeabi_d2iz)
c:/program files (x86)/atmel/studio/7.0/toolchain/arm/arm-gnu-toolchain/bin/../lib/gcc/arm-none-eabi/6.3.1/thumb/v6-m\libgcc.a(floatsidf.o)
                              hpl/sercom/hpl_sercom.o (__aeabi_i2d)
c:/program files (x86)/atmel/studio/7.0/toolchain/arm/arm-gnu-toolchain/bin/../lib/gcc/arm-none-eabi/6.3.1/thumb/v6-m\libgcc.a(floatunsidf.o)
                              hpl/sercom/hpl_sercom.o (__aeabi_ui2d)
c:/program files (x86)/atmel/studio/7.0/toolchain/arm/arm-gnu-toolchain/bin/../lib/gcc/arm-none-eabi/6.3.1/thumb/v6-m\libgcc.a(_arm_cmpdf2.o)
                              c:/program files (x86)/atmel/studio/7.0/toolchain/arm/arm-gnu-toolchain/bin/../lib/gcc/arm-none-eabi/6.3.1/thumb/v6-m\libgcc.a(_fixunsdfsi.o) (__aeabi_dcmpge)
c:/program files (x86)/atmel/studio/7.0/toolchain/arm/arm-gnu-toolchain/bin/../lib/gcc/arm-none-eabi/6.3.1/thumb/v6-m\libgcc.a(_clzsi2.o)
                              c:/program files (x86)/atmel/studio/7.0/toolchain/arm/arm-gnu-toolchain/bin/../lib/gcc/arm-none-eabi/6.3.1/thumb/v6-m\libgcc.a(divdf3.o) (__clzsi2)
c:/program files (x86)/atmel/studio/7.0/toolchain/arm/arm-gnu-toolchain/bin/../lib/gcc/arm-none-eabi/6.3.1/thumb/v6-m\libgcc.a(_clzdi2.o)
                              c:/program files (x86)/atmel/studio/7.0/toolchain/arm/arm-gnu-toolchain/bin/../lib/gcc/arm-none-eabi/6.3.1/thumb/v6-m\libgcc.a(_udivmoddi4.o) (__clzdi2)
c:/program files (x86)/atmel/studio/7.0/toolchain/arm/arm-gnu-toolchain/bin/../lib/gcc/arm-none-eabi/6.3.1/thumb/v6-m\libgcc.a(eqdf2.o)
                              c:/program files (x86)/atmel/studio/7.0/toolchain/arm/arm-gnu-toolchain/bin/../lib/gcc/arm-none-eabi/6.3.1/thumb/v6-m\libgcc.a(_arm_cmpdf2.o) (__eqdf2)
c:/program files (x86)/atmel/studio/7.0/toolchain/arm/arm-gnu-toolchain/bin/../lib/gcc/arm-none-eabi/6.3.1/thumb/v6-m\libgcc.a(gedf2.o)
                              c:/program files (x86)/atmel/studio/7.0/toolchain/arm/arm-gnu-toolchain/bin/../lib/gcc/arm-none-eabi/6.3.1/thumb/v6-m\libgcc.a(_arm_cmpdf2.o) (__gedf2)
c:/program files (x86)/atmel/studio/7.0/toolchain/arm/arm-gnu-toolchain/bin/../lib/gcc/arm-none-eabi/6.3.1/thumb/v6-m\libgcc.a(ledf2.o)
[...]
Memory Configuration

Name             Origin             Length             Attributes
rom              0x00000000         0x00040000         xr
ram              0x20000000         0x00008000         xrw
lpram            0x30000000         0x00002000         xrw
*default*        0x00000000         0xffffffff

Linker script and memory map

LOAD c:/program files (x86)/atmel/studio/7.0/toolchain/arm/arm-gnu-toolchain/bin/../lib/gcc/arm-none-eabi/6.3.1/thumb/v6-m/crti.o
LOAD c:/program files (x86)/atmel/studio/7.0/toolchain/arm/arm-gnu-toolchain/bin/../lib/gcc/arm-none-eabi/6.3.1/thumb/v6-m/crtbegin.o
LOAD c:/program files (x86)/atmel/studio/7.0/toolchain/arm/arm-gnu-toolchain/bin/../lib/gcc/arm-none-eabi/6.3.1/../../../../arm-none-eabi/lib/thumb/v6-m/crt0.o
LOAD atmel_start.o
LOAD Device_Startup/startup_saml21.o
LOAD Device_Startup/system_saml21.o
LOAD driver_init.o
LOAD examples/driver_examples.o
LOAD hal/src/hal_adc_async.o
LOAD hal/src/hal_atomic.o
LOAD hal/src/hal_calendar.o
LOAD hal/src/hal_delay.o
LOAD hal/src/hal_evsys.o
LOAD hal/src/hal_gpio.o
LOAD hal/src/hal_init.o
LOAD hal/src/hal_io.o
LOAD hal/src/hal_sleep.o
LOAD hal/src/hal_timer.o
LOAD hal/src/hal_usart_sync.o
LOAD hal/utils/src/utils_assert.o
LOAD hal/utils/src/utils_event.o
LOAD hal/utils/src/utils_list.o
LOAD hal/utils/src/utils_ringbuffer.o
LOAD hal/utils/src/utils_syscalls.o
LOAD hpl/adc/hpl_adc.o
LOAD hpl/core/hpl_core_m0plus_base.o
LOAD hpl/core/hpl_init.o
LOAD hpl/dmac/hpl_dmac.o
LOAD hpl/evsys/hpl_evsys.o
LOAD hpl/gclk/hpl_gclk.o
LOAD hpl/mclk/hpl_mclk.o
LOAD hpl/osc32kctrl/hpl_osc32kctrl.o
LOAD hpl/oscctrl/hpl_oscctrl.o
LOAD hpl/pm/hpl_pm.o
LOAD hpl/rtc/hpl_rtc.o
LOAD hpl/sercom/hpl_sercom.o
LOAD hpl/tc/hpl_tc.o
LOAD main.o
LOAD stdio_redirect/gcc/read.o
LOAD stdio_redirect/gcc/write.o
LOAD stdio_redirect/stdio_io.o
LOAD stdio_start.o
START GROUP
LOAD c:/program files (x86)/atmel/studio/7.0/toolchain/arm/arm-gnu-toolchain/bin/../lib/gcc/arm-none-eabi/6.3.1/../../../../arm-none-eabi/lib/thumb/v6-m\libm.a
END GROUP
START GROUP
LOAD c:/program files (x86)/atmel/studio/7.0/toolchain/arm/arm-gnu-toolchain/bin/../lib/gcc/arm-none-eabi/6.3.1/thumb/v6-m\libgcc.a
LOAD c:/program files (x86)/atmel/studio/7.0/toolchain/arm/arm-gnu-toolchain/bin/../lib/gcc/arm-none-eabi/6.3.1/../../../../arm-none-eabi/lib/thumb/v6-m\libc_nano.a
END GROUP
START GROUP
LOAD c:/program files (x86)/atmel/studio/7.0/toolchain/arm/arm-gnu-toolchain/bin/../lib/gcc/arm-none-eabi/6.3.1/thumb/v6-m\libgcc.a
LOAD c:/program files (x86)/atmel/studio/7.0/toolchain/arm/arm-gnu-toolchain/bin/../lib/gcc/arm-none-eabi/6.3.1/../../../../arm-none-eabi/lib/thumb/v6-m\libc_nano.a
END GROUP
LOAD c:/program files (x86)/atmel/studio/7.0/toolchain/arm/arm-gnu-toolchain/bin/../lib/gcc/arm-none-eabi/6.3.1/thumb/v6-m/crtend.o
LOAD c:/program files (x86)/atmel/studio/7.0/toolchain/arm/arm-gnu-toolchain/bin/../lib/gcc/arm-none-eabi/6.3.1/thumb/v6-m/crtn.o
                0x00002000                STACK_SIZE = DEFINED (STACK_SIZE)?STACK_SIZE:DEFINED (__stack_size__)?__stack_size__:0x2000

.text           0x00000000     0x2e70
                0x00000000                . = ALIGN (0x4)
                0x00000000                _sfixed = .
 *(.vectors .vectors.*)
 .vectors       0x00000000       0xb4 Device_Startup/startup_saml21.o
                0x00000000                exception_table
 *(.text .text.* .gnu.linkonce.t.*)
 .text          0x000000b4       0x60 c:/program files (x86)/atmel/studio/7.0/toolchain/arm/arm-gnu-toolchain/bin/../lib/gcc/arm-none-eabi/6.3.1/thumb/v6-m/crtbegin.o
 .text.atmel_start_init
                0x00000114       0x14 atmel_start.o
                0x00000114                atmel_start_init
 .text.Dummy_Handler
                0x00000128        0x2 Device_Startup/startup_saml21.o
                0x00000128                SVCall_Handler
                0x00000128                DMAC_Handler
                0x00000128                TRNG_Handler
                0x00000128                HardFault_Handler
                0x00000128                TC2_Handler
                0x00000128                AC_Handler
                0x00000128                SysTick_Handler
                0x00000128                PendSV_Handler
                0x00000128                SERCOM1_Handler
                0x00000128                NonMaskableInt_Handler
                0x00000128                TCC1_Handler
                0x00000128                SERCOM2_Handler
                0x00000128                TCC0_Handler
                0x00000128                EIC_Handler
                0x00000128                WDT_Handler
                0x00000128                TC4_Handler
                0x00000128                TC1_Handler
                0x00000128                USB_Handler
                0x00000128                TC3_Handler
                0x00000128                Dummy_Handler
                0x00000128                SERCOM5_Handler
                0x00000128                TCC2_Handler
                0x00000128                EVSYS_Handler
                0x00000128                SERCOM3_Handler
                0x00000128                SERCOM4_Handler
                0x00000128                NVMCTRL_Handler
                0x00000128                SYSTEM_Handler
                0x00000128                SERCOM0_Handler
                0x00000128                DAC_Handler
                0x00000128                PTC_Handler
                0x00000128                AES_Handler
 *fill*         0x0000012a        0x2 
 .text.Reset_Handler
                0x0000012c       0x74 Device_Startup/startup_saml21.o
                0x0000012c                Reset_Handler
 .text.TIMER_0_init
                0x000001a0       0x40 driver_init.o
 .text.ADC_0_init
                0x000001e0       0xa0 driver_init.o
                0x000001e0                ADC_0_init
 .text.CALENDAR_0_CLOCK_init
                0x00000280       0x14 driver_init.o
                0x00000280                CALENDAR_0_CLOCK_init
 .text.CALENDAR_0_init
                0x00000294       0x20 driver_init.o
                0x00000294                CALENDAR_0_init
 .text.EDBG_COM_PORT_init
                0x000002b4       0x44 driver_init.o
                0x000002b4                EDBG_COM_PORT_init
 .text.EDBG_COM_CLOCK_init
                0x000002f8       0x24 driver_init.o
                0x000002f8                EDBG_COM_CLOCK_init
 .text.EDBG_COM_init
                0x0000031c       0x2c driver_init.o
                0x0000031c                EDBG_COM_init
 .text.EVENT_SYSTEM_0_init
                0x00000348       0x28 driver_init.o
                0x00000348                EVENT_SYSTEM_0_init
 .text.system_init
                0x00000370       0x34 driver_init.o
                0x00000370                system_init
 .text.adc_async_window_threshold_reached
                0x000003a4        0xc hal/src/hal_adc_async.o
 .text.adc_async_error_occured
                0x000003b0        0xc hal/src/hal_adc_async.o
 .text.adc_async_channel_conversion_done
                0x000003bc       0x60 hal/src/hal_adc_async.o
 .text.adc_async_init
                0x0000041c       0xb4 hal/src/hal_adc_async.o
                0x0000041c                adc_async_init
 .text.adc_async_register_channel_buffer
                0x000004d0       0xb8 hal/src/hal_adc_async.o
                0x000004d0                adc_async_register_channel_buffer
 .text.adc_async_enable_channel
                0x00000588       0x40 hal/src/hal_adc_async.o
                0x00000588                adc_async_enable_channel
 .text.adc_async_register_callback
                0x000005c8       0x7c hal/src/hal_adc_async.o
                0x000005c8                adc_async_register_callback
 .text.adc_async_read_channel
                0x00000644       0xd8 hal/src/hal_adc_async.o
                0x00000644                adc_async_read_channel
 .text.atomic_enter_critical
                0x0000071c        0xe hal/src/hal_atomic.o
                0x0000071c                atomic_enter_critical
 .text.atomic_leave_critical
                0x0000072a        0xc hal/src/hal_atomic.o
                0x0000072a                atomic_leave_critical
 *fill*         0x00000736        0x2 
 .text.calendar_init
                0x00000738       0x48 hal/src/hal_calendar.o
                0x00000738                calendar_init
 .text.event_system_init
                0x00000780        0xc hal/src/hal_evsys.o
                0x00000780                event_system_init
 .text.io_write
                0x0000078c       0x38 hal/src/hal_io.o
                0x0000078c                io_write
 .text.io_read  0x000007c4       0x38 hal/src/hal_io.o
                0x000007c4                io_read
 .text.sleep    0x000007fc       0x20 hal/src/hal_sleep.o
                0x000007fc                sleep
 .text.timer_add_timer_task
                0x0000081c       0x58 hal/src/hal_timer.o
 .text.timer_process_counted
                0x00000874       0x64 hal/src/hal_timer.o
 .text.timer_init
                0x000008d8       0x44 hal/src/hal_timer.o
                0x000008d8                timer_init
 .text.timer_start
                0x0000091c       0x3c hal/src/hal_timer.o
                0x0000091c                timer_start
 .text.usart_sync_write
                0x00000958       0x74 hal/src/hal_usart_sync.o
 .text.usart_sync_read
                0x000009cc       0x6c hal/src/hal_usart_sync.o
 .text.usart_sync_init
                0x00000a38       0x4c hal/src/hal_usart_sync.o
                0x00000a38                usart_sync_init
 .text.usart_sync_enable
                0x00000a84       0x2c hal/src/hal_usart_sync.o
                0x00000a84                usart_sync_enable
 .text.assert   0x00000ab0        0x8 hal/utils/src/utils_assert.o
                0x00000ab0                assert
 .text.is_list_element
                0x00000ab8       0x16 hal/utils/src/utils_list.o
                0x00000ab8                is_list_element
 *fill*         0x00000ace        0x2 
 .text.list_insert_as_head
                0x00000ad0       0x2c hal/utils/src/utils_list.o
                0x00000ad0                list_insert_as_head
 .text.list_insert_after
                0x00000afc        0x8 hal/utils/src/utils_list.o
                0x00000afc                list_insert_after
 .text.list_remove_head
                0x00000b04       0x12 hal/utils/src/utils_list.o
                0x00000b04                list_remove_head
 *fill*         0x00000b16        0x2 
 .text.ringbuffer_init
                0x00000b18       0x4c hal/utils/src/utils_ringbuffer.o
                0x00000b18                ringbuffer_init
 .text.ringbuffer_get
                0x00000b64       0x4c hal/utils/src/utils_ringbuffer.o
                0x00000b64                ringbuffer_get
 .text.ringbuffer_put
                0x00000bb0       0x40 hal/utils/src/utils_ringbuffer.o
                0x00000bb0                ringbuffer_put
 .text.ringbuffer_num
                0x00000bf0       0x24 hal/utils/src/utils_ringbuffer.o
                0x00000bf0                ringbuffer_num
 .text._sbrk    0x00000c14       0x24 hal/utils/src/utils_syscalls.o
                0x00000c14                _sbrk
 .text._close   0x00000c38        0x6 hal/utils/src/utils_syscalls.o
                0x00000c38                _close
 .text._fstat   0x00000c3e        0xa hal/utils/src/utils_syscalls.o
                0x00000c3e                _fstat
 .text._isatty  0x00000c48        0x4 hal/utils/src/utils_syscalls.o
                0x00000c48                _isatty
 .text._lseek   0x00000c4c        0x4 hal/utils/src/utils_syscalls.o
                0x00000c4c                _lseek
 .text._adc_get_hardware_index
                0x00000c50        0x4 hpl/adc/hpl_adc.o
 .text._adc_get_irq_num
                0x00000c54        0x4 hpl/adc/hpl_adc.o
 .text._adc_init_irq_param
                0x00000c58       0x18 hpl/adc/hpl_adc.o
 .text._adc_interrupt_handler
                0x00000c70       0x40 hpl/adc/hpl_adc.o
 .text._adc_get_regs
                0x00000cb0       0x40 hpl/adc/hpl_adc.o
 .text._adc_init
                0x00000cf0      0x148 hpl/adc/hpl_adc.o
 .text._adc_async_init
                0x00000e38       0x98 hpl/adc/hpl_adc.o
                0x00000e38                _adc_async_init
 .text._adc_async_enable_channel
                0x00000ed0       0x14 hpl/adc/hpl_adc.o
                0x00000ed0                _adc_async_enable_channel
 .text._adc_async_get_data_size
                0x00000ee4       0x16 hpl/adc/hpl_adc.o
                0x00000ee4                _adc_async_get_data_size
 .text._adc_async_set_irq_state
                0x00000efa       0x3e hpl/adc/hpl_adc.o
                0x00000efa                _adc_async_set_irq_state
 .text.ADC_Handler
                0x00000f38       0x14 hpl/adc/hpl_adc.o
                0x00000f38                ADC_Handler
 .text._go_to_sleep
                0x00000f4c        0x8 hpl/core/hpl_core_m0plus_base.o
                0x00000f4c                _go_to_sleep
 .text._init_chip
                0x00000f54       0x44 hpl/core/hpl_init.o
                0x00000f54                _init_chip
 .text._event_system_init
                0x00000f98       0x58 hpl/evsys/hpl_evsys.o
                0x00000f98                _event_system_init
 .text._gclk_init_generators_by_fref
                0x00000ff0       0x3c hpl/gclk/hpl_gclk.o
                0x00000ff0                _gclk_init_generators_by_fref
 .text._mclk_init
                0x0000102c       0x14 hpl/mclk/hpl_mclk.o
                0x0000102c                _mclk_init
 .text._osc32kctrl_init_sources
                0x00001040       0x1c hpl/osc32kctrl/hpl_osc32kctrl.o
                0x00001040                _osc32kctrl_init_sources
 .text._oscctrl_init_sources
                0x0000105c       0x38 hpl/oscctrl/hpl_oscctrl.o
                0x0000105c                _oscctrl_init_sources
 .text._oscctrl_init_referenced_generators
                0x00001094        0x2 hpl/oscctrl/hpl_oscctrl.o
                0x00001094                _oscctrl_init_referenced_generators
 .text._set_sleep_mode
                0x00001096       0x28 hpl/pm/hpl_pm.o
                0x00001096                _set_sleep_mode
 .text._set_performance_level
                0x000010be       0x2e hpl/pm/hpl_pm.o
                0x000010be                _set_performance_level
 .text._rtc_interrupt_handler
                0x000010ec       0x1c hpl/rtc/hpl_rtc.o
 .text._calendar_init
                0x00001108       0x88 hpl/rtc/hpl_rtc.o
                0x00001108                _calendar_init
 .text.RTC_Handler
                0x00001190       0x14 hpl/rtc/hpl_rtc.o
                0x00001190                RTC_Handler
 .text._sercom_get_hardware_index
                0x000011a4       0x1c hpl/sercom/hpl_sercom.o
 .text._get_sercom_index
                0x000011c0       0x44 hpl/sercom/hpl_sercom.o
 .text._usart_init
                0x00001204       0xf0 hpl/sercom/hpl_sercom.o
 .text._usart_sync_init
                0x000012f4       0x2c hpl/sercom/hpl_sercom.o
                0x000012f4                _usart_sync_init
 .text._usart_sync_enable
                0x00001320       0x12 hpl/sercom/hpl_sercom.o
                0x00001320                _usart_sync_enable
 .text._usart_sync_write_byte
                0x00001332        0x8 hpl/sercom/hpl_sercom.o
                0x00001332                _usart_sync_write_byte
 .text._usart_sync_read_byte
                0x0000133a        0x8 hpl/sercom/hpl_sercom.o
                0x0000133a                _usart_sync_read_byte
 .text._usart_sync_is_ready_to_send
                0x00001342        0xa hpl/sercom/hpl_sercom.o
                0x00001342                _usart_sync_is_ready_to_send
 .text._usart_sync_is_transmit_done
                0x0000134c        0xc hpl/sercom/hpl_sercom.o
                0x0000134c                _usart_sync_is_transmit_done
 .text._usart_sync_is_byte_received
                0x00001358        0xc hpl/sercom/hpl_sercom.o
                0x00001358                _usart_sync_is_byte_received
 .text.tc_interrupt_handler
                0x00001364       0x16 hpl/tc/hpl_tc.o
 *fill*         0x0000137a        0x2 
 .text._tc_init_irq_param
                0x0000137c       0x18 hpl/tc/hpl_tc.o
 .text.get_tc_index
                0x00001394       0x5c hpl/tc/hpl_tc.o
 .text._timer_init
                0x000013f0      0x19c hpl/tc/hpl_tc.o
                0x000013f0                _timer_init
 .text._timer_start
                0x0000158c       0x12 hpl/tc/hpl_tc.o
                0x0000158c                _timer_start
 .text._timer_is_started
                0x0000159e       0x12 hpl/tc/hpl_tc.o
                0x0000159e                _timer_is_started
 .text._tc_get_timer
                0x000015b0        0x4 hpl/tc/hpl_tc.o
                0x000015b0                _tc_get_timer
 .text.TC0_Handler
                0x000015b4       0x14 hpl/tc/hpl_tc.o
                0x000015b4                TC0_Handler
 .text.adc_m_cb
                0x000015c8        0xc main.o
 .text.adc_init
                0x000015d4       0x44 main.o
                0x000015d4                adc_init
 .text.adc_read
                0x00001618       0x4c main.o
                0x00001618                adc_read
 .text.main     0x00001664       0x5c main.o
                0x00001664                main
 .text._read    0x000016c0       0x28 stdio_redirect/gcc/read.o
                0x000016c0                _read
 .text._write   0x000016e8       0x28 stdio_redirect/gcc/write.o
                0x000016e8                _write
 .text.stdio_io_init
                0x00001710       0x2c stdio_redirect/stdio_io.o
                0x00001710                stdio_io_init
 .text.stdio_io_read
                0x0000173c       0x24 stdio_redirect/stdio_io.o
                0x0000173c                stdio_io_read
 .text.stdio_io_write
                0x00001760       0x24 stdio_redirect/stdio_io.o
                0x00001760                stdio_io_write
 .text.stdio_redirect_init
                0x00001784       0x20 stdio_start.o
                0x00001784                stdio_redirect_init
 .text          0x000017a4      0x114 c:/program files (x86)/atmel/studio/7.0/toolchain/arm/arm-gnu-toolchain/bin/../lib/gcc/arm-none-eabi/6.3.1/thumb/v6-m\libgcc.a(_udivsi3.o)
                0x000017a4                __aeabi_uidiv
                0x000017a4                __udivsi3
                0x000018b0                __aeabi_uidivmod
 .text          0x000018b8      0x1d4 c:/program files (x86)/atmel/studio/7.0/toolchain/arm/arm-gnu-toolchain/bin/../lib/gcc/arm-none-eabi/6.3.1/thumb/v6-m\libgcc.a(_divsi3.o)
                0x000018b8                __divsi3
                0x000018b8                __aeabi_idiv
                0x00001a84                __aeabi_idivmod
 .text          0x00001a8c        0x4 c:/program files (x86)/atmel/studio/7.0/toolchain/arm/arm-gnu-toolchain/bin/../lib/gcc/arm-none-eabi/6.3.1/thumb/v6-m\libgcc.a(_dvmd_tls.o)
                0x00001a8c                __aeabi_idiv0
                0x00001a8c                __aeabi_ldiv0
 .text.__libc_init_array
                0x00001a90       0x48 c:/program files (x86)/atmel/studio/7.0/toolchain/arm/arm-gnu-toolchain/bin/../lib/gcc/arm-none-eabi/6.3.1/../../../../arm-none-eabi/lib/thumb/v6-m\libc_nano.a(lib_a-init.o)
                0x00001a90                __libc_init_array
 .text.memset   0x00001ad8       0x10 c:/program files (x86)/atmel/studio/7.0/toolchain/arm/arm-gnu-toolchain/bin/../lib/gcc/arm-none-eabi/6.3.1/../../../../arm-none-eabi/lib/thumb/v6-m\libc_nano.a(lib_a-memset.o)
                0x00001ad8                memset
 .text.printf   0x00001ae8       0x34 c:/program files (x86)/atmel/studio/7.0/toolchain/arm/arm-gnu-toolchain/bin/../lib/gcc/arm-none-eabi/6.3.1/../../../../arm-none-eabi/lib/thumb/v6-m\libc_nano.a(lib_a-printf.o)
                0x00001ae8                iprintf
                0x00001ae8                printf
 .text._puts_r  0x00001b1c       0xc0 c:/program files (x86)/atmel/studio/7.0/toolchain/arm/arm-gnu-toolchain/bin/../lib/gcc/arm-none-eabi/6.3.1/../../../../arm-none-eabi/lib/thumb/v6-m\libc_nano.a(lib_a-puts.o)
                0x00001b1c                _puts_r
 .text.puts     0x00001bdc       0x14 c:/program files (x86)/atmel/studio/7.0/toolchain/arm/arm-gnu-toolchain/bin/../lib/gcc/arm-none-eabi/6.3.1/../../../../arm-none-eabi/lib/thumb/v6-m\libc_nano.a(lib_a-puts.o)
                0x00001bdc                puts
 .text.setbuf   0x00001bf0       0x12 c:/program files (x86)/atmel/studio/7.0/toolchain/arm/arm-gnu-toolchain/bin/../lib/gcc/arm-none-eabi/6.3.1/../../../../arm-none-eabi/lib/thumb/v6-m\libc_nano.a(lib_a-setbuf.o)
                0x00001bf0                setbuf
 *fill*         0x00001c02        0x2 
 .text.setvbuf  0x00001c04      0x158 c:/program files (x86)/atmel/studio/7.0/toolchain/arm/arm-gnu-toolchain/bin/../lib/gcc/arm-none-eabi/6.3.1/../../../../arm-none-eabi/lib/thumb/v6-m\libc_nano.a(lib_a-setvbuf.o)
                0x00001c04                setvbuf
 .text.__swbuf_r
                0x00001d5c       0xac c:/program files (x86)/atmel/studio/7.0/toolchain/arm/arm-gnu-toolchain/bin/../lib/gcc/arm-none-eabi/6.3.1/../../../../arm-none-eabi/lib/thumb/v6-m\libc_nano.a(lib_a-wbuf.o)
                0x00001d5c                __swbuf_r
 .text.__swsetup_r
                0x00001e08       0xec c:/program files (x86)/atmel/studio/7.0/toolchain/arm/arm-gnu-toolchain/bin/../lib/gcc/arm-none-eabi/6.3.1/../../../../arm-none-eabi/lib/thumb/v6-m\libc_nano.a(lib_a-wsetup.o)
                0x00001e08                __swsetup_r
 .text.__sflush_r
                0x00001ef4      0x114 c:/program files (x86)/atmel/studio/7.0/toolchain/arm/arm-gnu-toolchain/bin/../lib/gcc/arm-none-eabi/6.3.1/../../../../arm-none-eabi/lib/thumb/v6-m\libc_nano.a(lib_a-fflush.o)
                0x00001ef4                __sflush_r
 .text._fflush_r
                0x00002008       0x58 c:/program files (x86)/atmel/studio/7.0/toolchain/arm/arm-gnu-toolchain/bin/../lib/gcc/arm-none-eabi/6.3.1/../../../../arm-none-eabi/lib/thumb/v6-m\libc_nano.a(lib_a-fflush.o)
                0x00002008                _fflush_r
 .text._cleanup_r
                0x00002060       0x10 c:/program files (x86)/atmel/studio/7.0/toolchain/arm/arm-gnu-toolchain/bin/../lib/gcc/arm-none-eabi/6.3.1/../../../../arm-none-eabi/lib/thumb/v6-m\libc_nano.a(lib_a-findfp.o)
                0x00002060                _cleanup_r
 .text.std.isra.0
                0x00002070       0x48 c:/program files (x86)/atmel/studio/7.0/toolchain/arm/arm-gnu-toolchain/bin/../lib/gcc/arm-none-eabi/6.3.1/../../../../arm-none-eabi/lib/thumb/v6-m\libc_nano.a(lib_a-findfp.o)
 .text.__sfmoreglue
                0x000020b8       0x2c c:/program files (x86)/atmel/studio/7.0/toolchain/arm/arm-gnu-toolchain/bin/../lib/gcc/arm-none-eabi/6.3.1/../../../../arm-none-eabi/lib/thumb/v6-m\libc_nano.a(lib_a-findfp.o)
                0x000020b8                __sfmoreglue
 .text.__sinit  0x000020e4       0x68 c:/program files (x86)/atmel/studio/7.0/toolchain/arm/arm-gnu-toolchain/bin/../lib/gcc/arm-none-eabi/6.3.1/../../../../arm-none-eabi/lib/thumb/v6-m\libc_nano.a(lib_a-findfp.o)
                0x000020e4                __sinit
 .text.__sfp    0x0000214c       0x80 c:/program files (x86)/atmel/studio/7.0/toolchain/arm/arm-gnu-toolchain/bin/../lib/gcc/arm-none-eabi/6.3.1/../../../../arm-none-eabi/lib/thumb/v6-m\libc_nano.a(lib_a-findfp.o)
                0x0000214c                __sfp
 .text._fwalk_reent
                0x000021cc       0x42 c:/program files (x86)/atmel/studio/7.0/toolchain/arm/arm-gnu-toolchain/bin/../lib/gcc/arm-none-eabi/6.3.1/../../../../arm-none-eabi/lib/thumb/v6-m\libc_nano.a(lib_a-fwalk.o)
                0x000021cc                _fwalk_reent
 *fill*         0x0000220e        0x2 
 .text.__swhatbuf_r
                0x00002210       0x50 c:/program files (x86)/atmel/studio/7.0/toolchain/arm/arm-gnu-toolchain/bin/../lib/gcc/arm-none-eabi/6.3.1/../../../../arm-none-eabi/lib/thumb/v6-m\libc_nano.a(lib_a-makebuf.o)
                0x00002210                __swhatbuf_r
 .text.__smakebuf_r
                0x00002260       0x88 c:/program files (x86)/atmel/studio/7.0/toolchain/arm/arm-gnu-toolchain/bin/../lib/gcc/arm-none-eabi/6.3.1/../../../../arm-none-eabi/lib/thumb/v6-m\libc_nano.a(lib_a-makebuf.o)
                0x00002260                __smakebuf_r
 .text.malloc   0x000022e8       0x14 c:/program files (x86)/atmel/studio/7.0/toolchain/arm/arm-gnu-toolchain/bin/../lib/gcc/arm-none-eabi/6.3.1/../../../../arm-none-eabi/lib/thumb/v6-m\libc_nano.a(lib_a-malloc.o)
                0x000022e8                malloc
 .text._free_r  0x000022fc       0x94 c:/program files (x86)/atmel/studio/7.0/toolchain/arm/arm-gnu-toolchain/bin/../lib/gcc/arm-none-eabi/6.3.1/../../../../arm-none-eabi/lib/thumb/v6-m\libc_nano.a(lib_a-nano-freer.o)
                0x000022fc                _free_r
 .text._malloc_r
                0x00002390       0xbc c:/program files (x86)/atmel/studio/7.0/toolchain/arm/arm-gnu-toolchain/bin/../lib/gcc/arm-none-eabi/6.3.1/../../../../arm-none-eabi/lib/thumb/v6-m\libc_nano.a(lib_a-nano-mallocr.o)
                0x00002390                _malloc_r
 .text.__sfputc_r
                0x0000244c       0x2a c:/program files (x86)/atmel/studio/7.0/toolchain/arm/arm-gnu-toolchain/bin/../lib/gcc/arm-none-eabi/6.3.1/../../../../arm-none-eabi/lib/thumb/v6-m\libc_nano.a(lib_a-nano-vfprintf.o)
 .text.__sfputs_r
                0x00002476       0x24 c:/program files (x86)/atmel/studio/7.0/toolchain/arm/arm-gnu-toolchain/bin/../lib/gcc/arm-none-eabi/6.3.1/../../../../arm-none-eabi/lib/thumb/v6-m\libc_nano.a(lib_a-nano-vfprintf.o)
                0x00002476                __sfputs_r
 *fill*         0x0000249a        0x2 
 .text._vfprintf_r
                0x0000249c      0x238 c:/program files (x86)/atmel/studio/7.0/toolchain/arm/arm-gnu-toolchain/bin/../lib/gcc/arm-none-eabi/6.3.1/../../../../arm-none-eabi/lib/thumb/v6-m\libc_nano.a(lib_a-nano-vfprintf.o)
                0x0000249c                _vfprintf_r
                0x0000249c                _vfiprintf_r
 .text._printf_common
                0x000026d4       0xda c:/program files (x86)/atmel/studio/7.0/toolchain/arm/arm-gnu-toolchain/bin/../lib/gcc/arm-none-eabi/6.3.1/../../../../arm-none-eabi/lib/thumb/v6-m\libc_nano.a(lib_a-nano-vfprintf_i.o)
                0x000026d4                _printf_common
 *fill*         0x000027ae        0x2 
 .text._printf_i
                0x000027b0      0x234 c:/program files (x86)/atmel/studio/7.0/toolchain/arm/arm-gnu-toolchain/bin/../lib/gcc/arm-none-eabi/6.3.1/../../../../arm-none-eabi/lib/thumb/v6-m\libc_nano.a(lib_a-nano-vfprintf_i.o)
                0x000027b0                _printf_i
 .text._sbrk_r  0x000029e4       0x24 c:/program files (x86)/atmel/studio/7.0/toolchain/arm/arm-gnu-toolchain/bin/../lib/gcc/arm-none-eabi/6.3.1/../../../../arm-none-eabi/lib/thumb/v6-m\libc_nano.a(lib_a-sbrkr.o)
                0x000029e4                _sbrk_r
 .text.__sread  0x00002a08       0x28 c:/program files (x86)/atmel/studio/7.0/toolchain/arm/arm-gnu-toolchain/bin/../lib/gcc/arm-none-eabi/6.3.1/../../../../arm-none-eabi/lib/thumb/v6-m\libc_nano.a(lib_a-stdio.o)
                0x00002a08                __sread
 .text.__swrite
                0x00002a30       0x38 c:/program files (x86)/atmel/studio/7.0/toolchain/arm/arm-gnu-toolchain/bin/../lib/gcc/arm-none-eabi/6.3.1/../../../../arm-none-eabi/lib/thumb/v6-m\libc_nano.a(lib_a-stdio.o)
                0x00002a30                __swrite
 .text.__sseek  0x00002a68       0x2c c:/program files (x86)/atmel/studio/7.0/toolchain/arm/arm-gnu-toolchain/bin/../lib/gcc/arm-none-eabi/6.3.1/../../../../arm-none-eabi/lib/thumb/v6-m\libc_nano.a(lib_a-stdio.o)
                0x00002a68                __sseek
 .text.__sclose
                0x00002a94        0xc c:/program files (x86)/atmel/studio/7.0/toolchain/arm/arm-gnu-toolchain/bin/../lib/gcc/arm-none-eabi/6.3.1/../../../../arm-none-eabi/lib/thumb/v6-m\libc_nano.a(lib_a-stdio.o)
                0x00002a94                __sclose
 .text._write_r
                0x00002aa0       0x28 c:/program files (x86)/atmel/studio/7.0/toolchain/arm/arm-gnu-toolchain/bin/../lib/gcc/arm-none-eabi/6.3.1/../../../../arm-none-eabi/lib/thumb/v6-m\libc_nano.a(lib_a-writer.o)
                0x00002aa0                _write_r
 .text._close_r
                0x00002ac8       0x24 c:/program files (x86)/atmel/studio/7.0/toolchain/arm/arm-gnu-toolchain/bin/../lib/gcc/arm-none-eabi/6.3.1/../../../../arm-none-eabi/lib/thumb/v6-m\libc_nano.a(lib_a-closer.o)
                0x00002ac8                _close_r
 .text._fstat_r
                0x00002aec       0x24 c:/program files (x86)/atmel/studio/7.0/toolchain/arm/arm-gnu-toolchain/bin/../lib/gcc/arm-none-eabi/6.3.1/../../../../arm-none-eabi/lib/thumb/v6-m\libc_nano.a(lib_a-fstatr.o)
                0x00002aec                _fstat_r
 .text._isatty_r
                0x00002b10       0x24 c:/program files (x86)/atmel/studio/7.0/toolchain/arm/arm-gnu-toolchain/bin/../lib/gcc/arm-none-eabi/6.3.1/../../../../arm-none-eabi/lib/thumb/v6-m\libc_nano.a(lib_a-isattyr.o)
                0x00002b10                _isatty_r
 .text._lseek_r
                0x00002b34       0x28 c:/program files (x86)/atmel/studio/7.0/toolchain/arm/arm-gnu-toolchain/bin/../lib/gcc/arm-none-eabi/6.3.1/../../../../arm-none-eabi/lib/thumb/v6-m\libc_nano.a(lib_a-lseekr.o)
                0x00002b34                _lseek_r
 .text.memchr   0x00002b5c       0x16 c:/program files (x86)/atmel/studio/7.0/toolchain/arm/arm-gnu-toolchain/bin/../lib/gcc/arm-none-eabi/6.3.1/../../../../arm-none-eabi/lib/thumb/v6-m\libc_nano.a(lib_a-memchr-stub.o)
                0x00002b5c                memchr
 .text.__malloc_lock
                0x00002b72        0x2 c:/program files (x86)/atmel/studio/7.0/toolchain/arm/arm-gnu-toolchain/bin/../lib/gcc/arm-none-eabi/6.3.1/../../../../arm-none-eabi/lib/thumb/v6-m\libc_nano.a(lib_a-mlock.o)
                0x00002b72                __malloc_lock
 .text.__malloc_unlock
                0x00002b74        0x2 c:/program files (x86)/atmel/studio/7.0/toolchain/arm/arm-gnu-toolchain/bin/../lib/gcc/arm-none-eabi/6.3.1/../../../../arm-none-eabi/lib/thumb/v6-m\libc_nano.a(lib_a-mlock.o)
                0x00002b74                __malloc_unlock
 *fill*         0x00002b76        0x2 
 .text._read_r  0x00002b78       0x28 c:/program files (x86)/atmel/studio/7.0/toolchain/arm/arm-gnu-toolchain/bin/../lib/gcc/arm-none-eabi/6.3.1/../../../../arm-none-eabi/lib/thumb/v6-m\libc_nano.a(lib_a-readr.o)
                0x00002b78                _read_r
 *(.glue_7t)
 .glue_7t       0x00002ba0        0x0 linker stubs
 *(.glue_7)
 .glue_7        0x00002ba0        0x0 linker stubs
 *(.rodata .rodata* .gnu.linkonce.r.*)
 .rodata.str1.4
                0x00002ba0       0x1b hal/src/hal_adc_async.o
 *fill*         0x00002bbb        0x1 
 .rodata.str1.4
                0x00002bbc       0x1a hal/src/hal_calendar.o
 *fill*         0x00002bd6        0x2 
 .rodata.str1.4
                0x00002bd8       0x14 hal/src/hal_io.o
 .rodata.str1.4
                0x00002bec       0x17 hal/src/hal_timer.o
 *fill*         0x00002c03        0x1 
 .rodata.str1.4
                0x00002c04       0x1c hal/src/hal_usart_sync.o
 .rodata.str1.4
                0x00002c20       0x1e hal/utils/src/utils_list.o
 *fill*         0x00002c3e        0x2 
 .rodata.str1.4
                0x00002c40       0x24 hal/utils/src/utils_ringbuffer.o
 .rodata        0x00002c64       0x1c hpl/adc/hpl_adc.o
 .rodata.str1.4
                0x00002c80       0x15 hpl/adc/hpl_adc.o
 *fill*         0x00002c95        0x3 
 .rodata        0x00002c98       0x48 hpl/evsys/hpl_evsys.o
 .rodata.str1.4
                0x00002ce0       0x15 hpl/rtc/hpl_rtc.o
 *fill*         0x00002cf5        0x3 
 .rodata        0x00002cf8       0x4d hpl/sercom/hpl_sercom.o
 *fill*         0x00002d45        0x3 
 .rodata.str1.4
                0x00002d48       0x1b hpl/sercom/hpl_sercom.o
 *fill*         0x00002d63        0x1 
 .rodata        0x00002d64       0x14 hpl/tc/hpl_tc.o
 .rodata.str1.4
                0x00002d78       0x13 hpl/tc/hpl_tc.o
 *fill*         0x00002d8b        0x1 
 .rodata.str1.4
                0x00002d8c       0x2c main.o
 .rodata._global_impure_ptr
                0x00002db8        0x4 c:/program files (x86)/atmel/studio/7.0/toolchain/arm/arm-gnu-toolchain/bin/../lib/gcc/arm-none-eabi/6.3.1/../../../../arm-none-eabi/lib/thumb/v6-m\libc_nano.a(lib_a-impure.o)
                0x00002db8                _global_impure_ptr
 .rodata.__sf_fake_stderr
                0x00002dbc       0x20 c:/program files (x86)/atmel/studio/7.0/toolchain/arm/arm-gnu-toolchain/bin/../lib/gcc/arm-none-eabi/6.3.1/../../../../arm-none-eabi/lib/thumb/v6-m\libc_nano.a(lib_a-findfp.o)
                0x00002dbc                __sf_fake_stderr
 .rodata.__sf_fake_stdin
                0x00002ddc       0x20 c:/program files (x86)/atmel/studio/7.0/toolchain/arm/arm-gnu-toolchain/bin/../lib/gcc/arm-none-eabi/6.3.1/../../../../arm-none-eabi/lib/thumb/v6-m\libc_nano.a(lib_a-findfp.o)
                0x00002ddc                __sf_fake_stdin
 .rodata.__sf_fake_stdout
                0x00002dfc       0x20 c:/program files (x86)/atmel/studio/7.0/toolchain/arm/arm-gnu-toolchain/bin/../lib/gcc/arm-none-eabi/6.3.1/../../../../arm-none-eabi/lib/thumb/v6-m\libc_nano.a(lib_a-findfp.o)
                0x00002dfc                __sf_fake_stdout
 .rodata._vfprintf_r.str1.1
                0x00002e1c       0x11 c:/program files (x86)/atmel/studio/7.0/toolchain/arm/arm-gnu-toolchain/bin/../lib/gcc/arm-none-eabi/6.3.1/../../../../arm-none-eabi/lib/thumb/v6-m\libc_nano.a(lib_a-nano-vfprintf.o)
 .rodata._printf_i.str1.1
                0x00002e2d       0x22 c:/program files (x86)/atmel/studio/7.0/toolchain/arm/arm-gnu-toolchain/bin/../lib/gcc/arm-none-eabi/6.3.1/../../../../arm-none-eabi/lib/thumb/v6-m\libc_nano.a(lib_a-nano-vfprintf_i.o)
 *(.ARM.extab* .gnu.linkonce.armextab.*)
                0x00002e50                . = ALIGN (0x4)
 *fill*         0x00002e4f        0x1 
 *(.init)
 .init          0x00002e50        0x4 c:/program files (x86)/atmel/studio/7.0/toolchain/arm/arm-gnu-toolchain/bin/../lib/gcc/arm-none-eabi/6.3.1/thumb/v6-m/crti.o
                0x00002e50                _init
 .init          0x00002e54        0x8 c:/program files (x86)/atmel/studio/7.0/toolchain/arm/arm-gnu-toolchain/bin/../lib/gcc/arm-none-eabi/6.3.1/thumb/v6-m/crtn.o
                0x00002e5c                . = ALIGN (0x4)
                0x00002e5c                __preinit_array_start = .
 *(.preinit_array)
                0x00002e5c                __preinit_array_end = .
                0x00002e5c                . = ALIGN (0x4)
                0x00002e5c                __init_array_start = .
 *(SORT(.init_array.*))
 *(.init_array)
 .init_array    0x00002e5c        0x4 c:/program files (x86)/atmel/studio/7.0/toolchain/arm/arm-gnu-toolchain/bin/../lib/gcc/arm-none-eabi/6.3.1/thumb/v6-m/crtbegin.o
                0x00002e60                __init_array_end = .
                0x00002e60                . = ALIGN (0x4)
 *crtbegin.o(.ctors)
 *(EXCLUDE_FILE(*crtend.o) .ctors)
 *(SORT(.ctors.*))
 *crtend.o(.ctors)
                0x00002e60                . = ALIGN (0x4)
 *(.fini)
 .fini          0x00002e60        0x4 c:/program files (x86)/atmel/studio/7.0/toolchain/arm/arm-gnu-toolchain/bin/../lib/gcc/arm-none-eabi/6.3.1/thumb/v6-m/crti.o
                0x00002e60                _fini
 .fini          0x00002e64        0x8 c:/program files (x86)/atmel/studio/7.0/toolchain/arm/arm-gnu-toolchain/bin/../lib/gcc/arm-none-eabi/6.3.1/thumb/v6-m/crtn.o
                0x00002e6c                . = ALIGN (0x4)
                0x00002e6c                __fini_array_start = .
 *(.fini_array)
 .fini_array    0x00002e6c        0x4 c:/program files (x86)/atmel/studio/7.0/toolchain/arm/arm-gnu-toolchain/bin/../lib/gcc/arm-none-eabi/6.3.1/thumb/v6-m/crtbegin.o
 *(SORT(.fini_array.*))
                0x00002e70                __fini_array_end = .
 *crtbegin.o(.dtors)
 *(EXCLUDE_FILE(*crtend.o) .dtors)
 *(SORT(.dtors.*))
 *crtend.o(.dtors)
                0x00002e70                . = ALIGN (0x4)
                0x00002e70                _efixed = .
                [!provide]                PROVIDE (__exidx_start, .)

.vfp11_veneer   0x00002e70        0x0
 .vfp11_veneer  0x00002e70        0x0 linker stubs

.v4_bx          0x00002e70        0x0
 .v4_bx         0x00002e70        0x0 linker stubs

.iplt           0x00002e70        0x0
 .iplt          0x00002e70        0x0 c:/program files (x86)/atmel/studio/7.0/toolchain/arm/arm-gnu-toolchain/bin/../lib/gcc/arm-none-eabi/6.3.1/thumb/v6-m/crtbegin.o

.eh_frame       0x00002e70        0x0
 .eh_frame      0x00002e70        0x0 c:/program files (x86)/atmel/studio/7.0/toolchain/arm/arm-gnu-toolchain/bin/../lib/gcc/arm-none-eabi/6.3.1/thumb/v6-m/crtbegin.o

.rel.dyn        0x00002e70        0x0
 .rel.iplt      0x00002e70        0x0 c:/program files (x86)/atmel/studio/7.0/toolchain/arm/arm-gnu-toolchain/bin/../lib/gcc/arm-none-eabi/6.3.1/thumb/v6-m/crtbegin.o

.jcr            0x00002e70        0x0
 .jcr           0x00002e70        0x0 c:/program files (x86)/atmel/studio/7.0/toolchain/arm/arm-gnu-toolchain/bin/../lib/gcc/arm-none-eabi/6.3.1/thumb/v6-m/crtbegin.o

.igot.plt       0x00002e70        0x0
 .igot.plt      0x00002e70        0x0 c:/program files (x86)/atmel/studio/7.0/toolchain/arm/arm-gnu-toolchain/bin/../lib/gcc/arm-none-eabi/6.3.1/thumb/v6-m/crtbegin.o

.ARM.exidx
 *(.ARM.exidx* .gnu.linkonce.armexidx.*)
                [!provide]                PROVIDE (__exidx_end, .)
                0x00002e70                . = ALIGN (0x4)
                0x00002e70                _etext = .

.relocate       0x20000000       0x64 load address 0x00002e70
                0x20000000                . = ALIGN (0x4)
                0x20000000                _srelocate = .
 *(.ramfunc .ramfunc.*)
 *(.data .data.*)
 .data._impure_ptr
                0x20000000        0x4 c:/program files (x86)/atmel/studio/7.0/toolchain/arm/arm-gnu-toolchain/bin/../lib/gcc/arm-none-eabi/6.3.1/../../../../arm-none-eabi/lib/thumb/v6-m\libc_nano.a(lib_a-impure.o)
                0x20000000                _impure_ptr
 .data.impure_data
                0x20000004       0x60 c:/program files (x86)/atmel/studio/7.0/toolchain/arm/arm-gnu-toolchain/bin/../lib/gcc/arm-none-eabi/6.3.1/../../../../arm-none-eabi/lib/thumb/v6-m\libc_nano.a(lib_a-impure.o)
                0x20000064                . = ALIGN (0x4)
                0x20000064                _erelocate = .

.lpram          0x30000000        0x0
                0x30000000                . = ALIGN (0x8)
                0x30000000                _slpram = .
 *(.lpram .lpram.*)
                0x30000000                . = ALIGN (0x8)
                0x30000000                _elpram = .

.bss            0x20000064       0xdc load address 0x00002ed4
                0x20000064                . = ALIGN (0x4)
                0x20000064                _sbss = .
                0x20000064                _szero = .
 *(.bss .bss.*)
 .bss           0x20000064       0x1c c:/program files (x86)/atmel/studio/7.0/toolchain/arm/arm-gnu-toolchain/bin/../lib/gcc/arm-none-eabi/6.3.1/thumb/v6-m/crtbegin.o
 .bss           0x20000080       0x14 driver_init.o
 .bss           0x20000094        0x4 hal/utils/src/utils_syscalls.o
 .bss           0x20000098        0x4 hpl/adc/hpl_adc.o
 .bss           0x2000009c        0x4 hpl/rtc/hpl_rtc.o
 .bss           0x200000a0        0x4 hpl/tc/hpl_tc.o
 .bss           0x200000a4        0x4 main.o
 .bss           0x200000a8        0x4 stdio_redirect/stdio_io.o
 .bss.__malloc_free_list
                0x200000ac        0x4 c:/program files (x86)/atmel/studio/7.0/toolchain/arm/arm-gnu-toolchain/bin/../lib/gcc/arm-none-eabi/6.3.1/../../../../arm-none-eabi/lib/thumb/v6-m\libc_nano.a(lib_a-nano-mallocr.o)
                0x200000ac                __malloc_free_list
 .bss.__malloc_sbrk_start
                0x200000b0        0x4 c:/program files (x86)/atmel/studio/7.0/toolchain/arm/arm-gnu-toolchain/bin/../lib/gcc/arm-none-eabi/6.3.1/../../../../arm-none-eabi/lib/thumb/v6-m\libc_nano.a(lib_a-nano-mallocr.o)
                0x200000b0                __malloc_sbrk_start
 *(COMMON)
 COMMON         0x200000b4       0x88 driver_init.o
                0x200000b4                EDBG_COM
                0x200000c0                ADC_0
                0x200000ec                CALENDAR_0
                0x20000108                ADC_0_ch
                0x20000120                TIMER_0
 COMMON         0x2000013c        0x4 c:/program files (x86)/atmel/studio/7.0/toolchain/arm/arm-gnu-toolchain/bin/../lib/gcc/arm-none-eabi/6.3.1/../../../../arm-none-eabi/lib/thumb/v6-m\libc_nano.a(lib_a-reent.o)
                0x2000013c                errno
                0x20000140                . = ALIGN (0x4)
                0x20000140                _ebss = .
                0x20000140                _ezero = .

.stack          0x20000140     0x2000 load address 0x00002fb0
                0x20000140                . = ALIGN (0x8)
                0x20000140                _sstack = .
                0x20002140                . = (. + STACK_SIZE)
 *fill*         0x20000140     0x2000 
                0x20002140                . = ALIGN (0x8)
                0x20002140                _estack = .
                0x20002140                . = ALIGN (0x4)
                0x20002140                _end = .
OUTPUT(ADC Event System Example.elf elf32-littlearm)

.ARM.attributes
                0x00000000       0x28
 .ARM.attributes
                0x00000000       0x1e c:/program files (x86)/atmel/studio/7.0/toolchain/arm/arm-gnu-toolchain/bin/../lib/gcc/arm-none-eabi/6.3.1/thumb/v6-m/crti.o
 .ARM.attributes
                0x0000001e       0x2c c:/program files (x86)/atmel/studio/7.0/toolchain/arm/arm-gnu-toolchain/bin/../lib/gcc/arm-none-eabi/6.3.1/thumb/v6-m/crtbegin.o
 .ARM.attributes
                0x0000004a       0x32 atmel_start.o
 .ARM.attributes
                0x0000007c       0x32 Device_Startup/startup_saml21.o
 .ARM.attributes
                0x000000ae       0x32 driver_init.o
 .ARM.attributes
                0x000000e0       0x32 hal/src/hal_adc_async.o
 .ARM.attributes
                0x00000112       0x32 hal/src/hal_atomic.o
 .ARM.attributes
                0x00000144       0x32 hal/src/hal_calendar.o
 .ARM.attributes
                0x00000176       0x32 hal/src/hal_evsys.o
 .ARM.attributes
                0x000001a8       0x32 hal/src/hal_io.o
 .ARM.attributes
                0x000001da       0x32 hal/src/hal_sleep.o
 .ARM.attributes
                0x0000020c       0x32 hal/src/hal_timer.o
 .ARM.attributes
                0x0000023e       0x32 hal/src/hal_usart_sync.o
 .ARM.attributes
                0x00000270       0x32 hal/utils/src/utils_assert.o
 .ARM.attributes
                0x000002a2       0x32 hal/utils/src/utils_list.o
 .ARM.attributes
                0x000002d4       0x32 hal/utils/src/utils_ringbuffer.o
 .ARM.attributes
                0x00000306       0x32 hal/utils/src/utils_syscalls.o
 .ARM.attributes
                0x00000338       0x32 hpl/adc/hpl_adc.o
 .ARM.attributes
                0x0000036a       0x32 hpl/core/hpl_core_m0plus_base.o
 .ARM.attributes
                0x0000039c       0x32 hpl/core/hpl_init.o
 .ARM.attributes
                0x000003ce       0x32 hpl/evsys/hpl_evsys.o
 .ARM.attributes
                0x00000400       0x32 hpl/gclk/hpl_gclk.o
 .ARM.attributes
                0x00000432       0x32 hpl/mclk/hpl_mclk.o
 .ARM.attributes
                0x00000464       0x32 hpl/osc32kctrl/hpl_osc32kctrl.o
 .ARM.attributes
                0x00000496       0x32 hpl/oscctrl/hpl_oscctrl.o
 .ARM.attributes
                0x000004c8       0x32 hpl/pm/hpl_pm.o
 .ARM.attributes
                0x000004fa       0x32 hpl/rtc/hpl_rtc.o
 .ARM.attributes
                0x0000052c       0x32 hpl/sercom/hpl_sercom.o
 .ARM.attributes
                0x0000055e       0x32 hpl/tc/hpl_tc.o
 .ARM.attributes
                0x00000590       0x32 main.o
 .ARM.attributes
                0x000005c2       0x32 stdio_redirect/gcc/read.o
 .ARM.attributes
                0x000005f4       0x32 stdio_redirect/gcc/write.o
 .ARM.attributes
                0x00000626       0x32 stdio_redirect/stdio_io.o
 .ARM.attributes
                0x00000658       0x32 stdio_start.o
 .ARM.attributes
                0x0000068a       0x1e c:/program files (x86)/atmel/studio/7.0/toolchain/arm/arm-gnu-toolchain/bin/../lib/gcc/arm-none-eabi/6.3.1/thumb/v6-m\libgcc.a(_udivsi3.o)
 .ARM.attributes
                0x000006a8       0x1e c:/program files (x86)/atmel/studio/7.0/toolchain/arm/arm-gnu-toolchain/bin/../lib/gcc/arm-none-eabi/6.3.1/thumb/v6-m\libgcc.a(_divsi3.o)
 .ARM.attributes
                0x000006c6       0x1e c:/program files (x86)/atmel/studio/7.0/toolchain/arm/arm-gnu-toolchain/bin/../lib/gcc/arm-none-eabi/6.3.1/thumb/v6-m\libgcc.a(_dvmd_tls.o)
 .ARM.attributes
                0x000006e4       0x2c c:/program files (x86)/atmel/studio/7.0/toolchain/arm/arm-gnu-toolchain/bin/../lib/gcc/arm-none-eabi/6.3.1/../../../../arm-none-eabi/lib/thumb/v6-m\libc_nano.a(lib_a-impure.o)
 .ARM.attributes
                0x00000710       0x2c c:/program files (x86)/atmel/studio/7.0/toolchain/arm/arm-gnu-toolchain/bin/../lib/gcc/arm-none-eabi/6.3.1/../../../../arm-none-eabi/lib/thumb/v6-m\libc_nano.a(lib_a-init.o)
 .ARM.attributes
                0x0000073c       0x2c c:/program files (x86)/atmel/studio/7.0/toolchain/arm/arm-gnu-toolchain/bin/../lib/gcc/arm-none-eabi/6.3.1/../../../../arm-none-eabi/lib/thumb/v6-m\libc_nano.a(lib_a-memset.o)
 .ARM.attributes
                0x00000768       0x2c c:/program files (x86)/atmel/studio/7.0/toolchain/arm/arm-gnu-toolchain/bin/../lib/gcc/arm-none-eabi/6.3.1/../../../../arm-none-eabi/lib/thumb/v6-m\libc_nano.a(lib_a-printf.o)
 .ARM.attributes
                0x00000794       0x2c c:/program files (x86)/atmel/studio/7.0/toolchain/arm/arm-gnu-toolchain/bin/../lib/gcc/arm-none-eabi/6.3.1/../../../../arm-none-eabi/lib/thumb/v6-m\libc_nano.a(lib_a-puts.o)
 .ARM.attributes
                0x000007c0       0x2c c:/program files (x86)/atmel/studio/7.0/toolchain/arm/arm-gnu-toolchain/bin/../lib/gcc/arm-none-eabi/6.3.1/../../../../arm-none-eabi/lib/thumb/v6-m\libc_nano.a(lib_a-setbuf.o)
 .ARM.attributes
                0x000007ec       0x2c c:/program files (x86)/atmel/studio/7.0/toolchain/arm/arm-gnu-toolchain/bin/../lib/gcc/arm-none-eabi/6.3.1/../../../../arm-none-eabi/lib/thumb/v6-m\libc_nano.a(lib_a-setvbuf.o)
 .ARM.attributes
                0x00000818       0x2c c:/program files (x86)/atmel/studio/7.0/toolchain/arm/arm-gnu-toolchain/bin/../lib/gcc/arm-none-eabi/6.3.1/../../../../arm-none-eabi/lib/thumb/v6-m\libc_nano.a(lib_a-wbuf.o)
 .ARM.attributes
                0x00000844       0x2c c:/program files (x86)/atmel/studio/7.0/toolchain/arm/arm-gnu-toolchain/bin/../lib/gcc/arm-none-eabi/6.3.1/../../../../arm-none-eabi/lib/thumb/v6-m\libc_nano.a(lib_a-wsetup.o)
 .ARM.attributes
                0x00000870       0x2c c:/program files (x86)/atmel/studio/7.0/toolchain/arm/arm-gnu-toolchain/bin/../lib/gcc/arm-none-eabi/6.3.1/../../../../arm-none-eabi/lib/thumb/v6-m\libc_nano.a(lib_a-fflush.o)
 .ARM.attributes
                0x0000089c       0x2c c:/program files (x86)/atmel/studio/7.0/toolchain/arm/arm-gnu-toolchain/bin/../lib/gcc/arm-none-eabi/6.3.1/../../../../arm-none-eabi/lib/thumb/v6-m\libc_nano.a(lib_a-findfp.o)
 .ARM.attributes
                0x000008c8       0x2c c:/program files (x86)/atmel/studio/7.0/toolchain/arm/arm-gnu-toolchain/bin/../lib/gcc/arm-none-eabi/6.3.1/../../../../arm-none-eabi/lib/thumb/v6-m\libc_nano.a(lib_a-fwalk.o)
 .ARM.attributes
                0x000008f4       0x2c c:/program files (x86)/atmel/studio/7.0/toolchain/arm/arm-gnu-toolchain/bin/../lib/gcc/arm-none-eabi/6.3.1/../../../../arm-none-eabi/lib/thumb/v6-m\libc_nano.a(lib_a-makebuf.o)
 .ARM.attributes
                0x00000920       0x2c c:/program files (x86)/atmel/studio/7.0/toolchain/arm/arm-gnu-toolchain/bin/../lib/gcc/arm-none-eabi/6.3.1/../../../../arm-none-eabi/lib/thumb/v6-m\libc_nano.a(lib_a-malloc.o)
 .ARM.attributes
                0x0000094c       0x2c c:/program files (x86)/atmel/studio/7.0/toolchain/arm/arm-gnu-toolchain/bin/../lib/gcc/arm-none-eabi/6.3.1/../../../../arm-none-eabi/lib/thumb/v6-m\libc_nano.a(lib_a-nano-freer.o)
 .ARM.attributes
                0x00000978       0x2c c:/program files (x86)/atmel/studio/7.0/toolchain/arm/arm-gnu-toolchain/bin/../lib/gcc/arm-none-eabi/6.3.1/../../../../arm-none-eabi/lib/thumb/v6-m\libc_nano.a(lib_a-nano-mallocr.o)
 .ARM.attributes
                0x000009a4       0x2c c:/program files (x86)/atmel/studio/7.0/toolchain/arm/arm-gnu-toolchain/bin/../lib/gcc/arm-none-eabi/6.3.1/../../../../arm-none-eabi/lib/thumb/v6-m\libc_nano.a(lib_a-nano-vfprintf.o)
 .ARM.attributes
                0x000009d0       0x2c c:/program files (x86)/atmel/studio/7.0/toolchain/arm/arm-gnu-toolchain/bin/../lib/gcc/arm-none-eabi/6.3.1/../../../../arm-none-eabi/lib/thumb/v6-m\libc_nano.a(lib_a-nano-vfprintf_i.o)
 .ARM.attributes
                0x000009fc       0x2c c:/program files (x86)/atmel/studio/7.0/toolchain/arm/arm-gnu-toolchain/bin/../lib/gcc/arm-none-eabi/6.3.1/../../../../arm-none-eabi/lib/thumb/v6-m\libc_nano.a(lib_a-sbrkr.o)
 .ARM.attributes
                0x00000a28       0x2c c:/program files (x86)/atmel/studio/7.0/toolchain/arm/arm-gnu-toolchain/bin/../lib/gcc/arm-none-eabi/6.3.1/../../../../arm-none-eabi/lib/thumb/v6-m\libc_nano.a(lib_a-stdio.o)
 .ARM.attributes
                0x00000a54       0x2c c:/program files (x86)/atmel/studio/7.0/toolchain/arm/arm-gnu-toolchain/bin/../lib/gcc/arm-none-eabi/6.3.1/../../../../arm-none-eabi/lib/thumb/v6-m\libc_nano.a(lib_a-writer.o)
 .ARM.attributes
                0x00000a80       0x2c c:/program files (x86)/atmel/studio/7.0/toolchain/arm/arm-gnu-toolchain/bin/../lib/gcc/arm-none-eabi/6.3.1/../../../../arm-none-eabi/lib/thumb/v6-m\libc_nano.a(lib_a-closer.o)
 .ARM.attributes
                0x00000aac       0x2c c:/program files (x86)/atmel/studio/7.0/toolchain/arm/arm-gnu-toolchain/bin/../lib/gcc/arm-none-eabi/6.3.1/../../../../arm-none-eabi/lib/thumb/v6-m\libc_nano.a(lib_a-fstatr.o)
 .ARM.attributes
                0x00000ad8       0x2c c:/program files (x86)/atmel/studio/7.0/toolchain/arm/arm-gnu-toolchain/bin/../lib/gcc/arm-none-eabi/6.3.1/../../../../arm-none-eabi/lib/thumb/v6-m\libc_nano.a(lib_a-isattyr.o)
 .ARM.attributes
                0x00000b04       0x2c c:/program files (x86)/atmel/studio/7.0/toolchain/arm/arm-gnu-toolchain/bin/../lib/gcc/arm-none-eabi/6.3.1/../../../../arm-none-eabi/lib/thumb/v6-m\libc_nano.a(lib_a-lseekr.o)
 .ARM.attributes
                0x00000b30       0x2c c:/program files (x86)/atmel/studio/7.0/toolchain/arm/arm-gnu-toolchain/bin/../lib/gcc/arm-none-eabi/6.3.1/../../../../arm-none-eabi/lib/thumb/v6-m\libc_nano.a(lib_a-memchr-stub.o)
 .ARM.attributes
                0x00000b5c       0x2c c:/program files (x86)/atmel/studio/7.0/toolchain/arm/arm-gnu-toolchain/bin/../lib/gcc/arm-none-eabi/6.3.1/../../../../arm-none-eabi/lib/thumb/v6-m\libc_nano.a(lib_a-mlock.o)
 .ARM.attributes
                0x00000b88       0x2c c:/program files (x86)/atmel/studio/7.0/toolchain/arm/arm-gnu-toolchain/bin/../lib/gcc/arm-none-eabi/6.3.1/../../../../arm-none-eabi/lib/thumb/v6-m\libc_nano.a(lib_a-readr.o)
 .ARM.attributes
                0x00000bb4       0x2c c:/program files (x86)/atmel/studio/7.0/toolchain/arm/arm-gnu-toolchain/bin/../lib/gcc/arm-none-eabi/6.3.1/../../../../arm-none-eabi/lib/thumb/v6-m\libc_nano.a(lib_a-reent.o)
 .ARM.attributes
                0x00000be0       0x1e c:/program files (x86)/atmel/studio/7.0/toolchain/arm/arm-gnu-toolchain/bin/../lib/gcc/arm-none-eabi/6.3.1/thumb/v6-m/crtn.o

.comment        0x00000000       0x59
 .comment       0x00000000       0x59 atmel_start.o
                                 0x5a (size before relaxing)
 .comment       0x00000059       0x5a Device_Startup/startup_saml21.o
 .comment       0x00000059       0x5a driver_init.o
 .comment       0x00000059       0x5a hal/src/hal_adc_async.o
 .comment       0x00000059       0x5a hal/src/hal_atomic.o
 .comment       0x00000059       0x5a hal/src/hal_calendar.o
 .comment       0x00000059       0x5a hal/src/hal_evsys.o
 .comment       0x00000059       0x5a hal/src/hal_io.o
 .comment       0x00000059       0x5a hal/src/hal_sleep.o
 .comment       0x00000059       0x5a hal/src/hal_timer.o
 .comment       0x00000059       0x5a hal/src/hal_usart_sync.o
 .comment       0x00000059       0x5a hal/utils/src/utils_assert.o
 .comment       0x00000059       0x5a hal/utils/src/utils_list.o
 .comment       0x00000059       0x5a hal/utils/src/utils_ringbuffer.o
 .comment       0x00000059       0x5a hal/utils/src/utils_syscalls.o
 .comment       0x00000059       0x5a hpl/adc/hpl_adc.o
 .comment       0x00000059       0x5a hpl/core/hpl_core_m0plus_base.o
 .comment       0x00000059       0x5a hpl/core/hpl_init.o
 .comment       0x00000059       0x5a hpl/evsys/hpl_evsys.o
 .comment       0x00000059       0x5a hpl/gclk/hpl_gclk.o
 .comment       0x00000059       0x5a hpl/mclk/hpl_mclk.o
 .comment       0x00000059       0x5a hpl/osc32kctrl/hpl_osc32kctrl.o
 .comment       0x00000059       0x5a hpl/oscctrl/hpl_oscctrl.o
 .comment       0x00000059       0x5a hpl/pm/hpl_pm.o
 .comment       0x00000059       0x5a hpl/rtc/hpl_rtc.o
 .comment       0x00000059       0x5a hpl/sercom/hpl_sercom.o
 .comment       0x00000059       0x5a hpl/tc/hpl_tc.o
 .comment       0x00000059       0x5a main.o
 .comment       0x00000059       0x5a stdio_redirect/gcc/read.o
 .comment       0x00000059       0x5a stdio_redirect/gcc/write.o
 .comment       0x00000059       0x5a stdio_redirect/stdio_io.o
 .comment       0x00000059       0x5a stdio_start.o

.debug_info     0x00000000    0x2c018
 .debug_info    0x00000000      0xf37 atmel_start.o
 .debug_info    0x00000f37      0xa2b Device_Startup/startup_saml21.o
 .debug_info    0x00001962     0x77a6 driver_init.o
 .debug_info    0x00009108     0x13c2 hal/src/hal_adc_async.o
 .debug_info    0x0000a4ca      0x1d1 hal/src/hal_atomic.o
 .debug_info    0x0000a69b     0x11b8 hal/src/hal_calendar.o
 .debug_info    0x0000b853      0x29c hal/src/hal_evsys.o
 .debug_info    0x0000baef      0x2b2 hal/src/hal_io.o
 .debug_info    0x0000bda1      0x12c hal/src/hal_sleep.o
 .debug_info    0x0000becd      0xb91 hal/src/hal_timer.o
 .debug_info    0x0000ca5e      0xc56 hal/src/hal_usart_sync.o
 .debug_info    0x0000d6b4      0x107 hal/utils/src/utils_assert.o
 .debug_info    0x0000d7bb      0x314 hal/utils/src/utils_list.o
 .debug_info    0x0000dacf      0x2f1 hal/utils/src/utils_ringbuffer.o
 .debug_info    0x0000ddc0      0xdca hal/utils/src/utils_syscalls.o
 .debug_info    0x0000eb8a     0x3e90 hpl/adc/hpl_adc.o
 .debug_info    0x00012a1a      0x871 hpl/core/hpl_core_m0plus_base.o
 .debug_info    0x0001328b      0x6d4 hpl/core/hpl_init.o
 .debug_info    0x0001395f     0x10b9 hpl/evsys/hpl_evsys.o
 .debug_info    0x00014a18      0x626 hpl/gclk/hpl_gclk.o
 .debug_info    0x0001503e      0xa0e hpl/mclk/hpl_mclk.o
 .debug_info    0x00015a4c      0x622 hpl/osc32kctrl/hpl_osc32kctrl.o
 .debug_info    0x0001606e      0xe4c hpl/oscctrl/hpl_oscctrl.o
 .debug_info    0x00016eba      0xac0 hpl/pm/hpl_pm.o
 .debug_info    0x0001797a     0x29ed hpl/rtc/hpl_rtc.o
 .debug_info    0x0001a367     0xb272 hpl/sercom/hpl_sercom.o
 .debug_info    0x000255d9     0x28b2 hpl/tc/hpl_tc.o
 .debug_info    0x00027e8b     0x11bb main.o
 .debug_info    0x00029046      0xa34 stdio_redirect/gcc/read.o
 .debug_info    0x00029a7a      0xa34 stdio_redirect/gcc/write.o
 .debug_info    0x0002a4ae      0xbe2 stdio_redirect/stdio_io.o
 .debug_info    0x0002b090      0xf88 stdio_start.o

.debug_abbrev   0x00000000     0x46e0
 .debug_abbrev  0x00000000      0x1b4 atmel_start.o
 .debug_abbrev  0x000001b4      0x1d7 Device_Startup/startup_saml21.o
 .debug_abbrev  0x0000038b      0x38a driver_init.o
 .debug_abbrev  0x00000715      0x1f3 hal/src/hal_adc_async.o
 .debug_abbrev  0x00000908      0x144 hal/src/hal_atomic.o
 .debug_abbrev  0x00000a4c      0x2be hal/src/hal_calendar.o
 .debug_abbrev  0x00000d0a       0xcd hal/src/hal_evsys.o
 .debug_abbrev  0x00000dd7      0x115 hal/src/hal_io.o
 .debug_abbrev  0x00000eec       0xb6 hal/src/hal_sleep.o
 .debug_abbrev  0x00000fa2      0x221 hal/src/hal_timer.o
 .debug_abbrev  0x000011c3      0x217 hal/src/hal_usart_sync.o
 .debug_abbrev  0x000013da       0x86 hal/utils/src/utils_assert.o
 .debug_abbrev  0x00001460      0x152 hal/utils/src/utils_list.o
 .debug_abbrev  0x000015b2       0xf4 hal/utils/src/utils_ringbuffer.o
 .debug_abbrev  0x000016a6      0x269 hal/utils/src/utils_syscalls.o
 .debug_abbrev  0x0000190f      0x506 hpl/adc/hpl_adc.o
 .debug_abbrev  0x00001e15      0x2c6 hpl/core/hpl_core_m0plus_base.o
 .debug_abbrev  0x000020db      0x1d9 hpl/core/hpl_init.o
 .debug_abbrev  0x000022b4      0x286 hpl/evsys/hpl_evsys.o
 .debug_abbrev  0x0000253a      0x1ab hpl/gclk/hpl_gclk.o
 .debug_abbrev  0x000026e5      0x1b7 hpl/mclk/hpl_mclk.o
 .debug_abbrev  0x0000289c      0x1a2 hpl/osc32kctrl/hpl_osc32kctrl.o
 .debug_abbrev  0x00002a3e      0x210 hpl/oscctrl/hpl_oscctrl.o
 .debug_abbrev  0x00002c4e      0x245 hpl/pm/hpl_pm.o
 .debug_abbrev  0x00002e93      0x390 hpl/rtc/hpl_rtc.o
 .debug_abbrev  0x00003223      0x593 hpl/sercom/hpl_sercom.o
 .debug_abbrev  0x000037b6      0x4f8 hpl/tc/hpl_tc.o
 .debug_abbrev  0x00003cae      0x257 main.o
 .debug_abbrev  0x00003f05      0x1e8 stdio_redirect/gcc/read.o
 .debug_abbrev  0x000040ed      0x1e8 stdio_redirect/gcc/write.o
 .debug_abbrev  0x000042d5      0x229 stdio_redirect/stdio_io.o
 .debug_abbrev  0x000044fe      0x1e2 stdio_start.o

.debug_loc      0x00000000     0xffc2
 .debug_loc     0x00000000       0x20 atmel_start.o
 .debug_loc     0x00000020       0x78 Device_Startup/startup_saml21.o
 .debug_loc     0x00000098      0x5b3 driver_init.o
 .debug_loc     0x0000064b     0x10ba hal/src/hal_adc_async.o
 .debug_loc     0x00001705       0x13 hal/src/hal_atomic.o
 .debug_loc     0x00001718      0xdee hal/src/hal_calendar.o
 .debug_loc     0x00002506      0x1c8 hal/src/hal_evsys.o
 .debug_loc     0x000026ce      0x1b6 hal/src/hal_io.o
 .debug_loc     0x00002884       0x41 hal/src/hal_sleep.o
 .debug_loc     0x000028c5      0x767 hal/src/hal_timer.o
 .debug_loc     0x0000302c      0xa26 hal/src/hal_usart_sync.o
 .debug_loc     0x00003a52      0x213 hal/utils/src/utils_list.o
 .debug_loc     0x00003c65      0x2d1 hal/utils/src/utils_ringbuffer.o
 .debug_loc     0x00003f36      0x13b hal/utils/src/utils_syscalls.o
 .debug_loc     0x00004071     0x1e7f hpl/adc/hpl_adc.o
 .debug_loc     0x00005ef0      0x2a1 hpl/core/hpl_core_m0plus_base.o
 .debug_loc     0x00006191       0x4c hpl/core/hpl_init.o
 .debug_loc     0x000061dd      0x394 hpl/evsys/hpl_evsys.o
 .debug_loc     0x00006571      0x156 hpl/gclk/hpl_gclk.o
 .debug_loc     0x000066c7       0x84 hpl/mclk/hpl_mclk.o
 .debug_loc     0x0000674b       0xa5 hpl/osc32kctrl/hpl_osc32kctrl.o
 .debug_loc     0x000067f0       0x18 hpl/oscctrl/hpl_oscctrl.o
 .debug_loc     0x00006808      0x19b hpl/pm/hpl_pm.o
 .debug_loc     0x000069a3      0x969 hpl/rtc/hpl_rtc.o
 .debug_loc     0x0000730c     0x7dae hpl/sercom/hpl_sercom.o
 .debug_loc     0x0000f0ba      0xb25 hpl/tc/hpl_tc.o
 .debug_loc     0x0000fbdf       0x60 main.o
 .debug_loc     0x0000fc3f       0xfe stdio_redirect/gcc/read.o
 .debug_loc     0x0000fd3d       0xf2 stdio_redirect/gcc/write.o
 .debug_loc     0x0000fe2f      0x153 stdio_redirect/stdio_io.o
 .debug_loc     0x0000ff82       0x40 stdio_start.o

.debug_aranges  0x00000000      0xf98
 .debug_aranges
                0x00000000       0x20 atmel_start.o
 .debug_aranges
                0x00000020       0x28 Device_Startup/startup_saml21.o
 .debug_aranges
                0x00000048       0x60 driver_init.o
 .debug_aranges
                0x000000a8       0xd0 hal/src/hal_adc_async.o
 .debug_aranges
                0x00000178       0x30 hal/src/hal_atomic.o
 .debug_aranges
                0x000001a8       0xa8 hal/src/hal_calendar.o
 .debug_aranges
                0x00000250       0x50 hal/src/hal_evsys.o
 .debug_aranges
                0x000002a0       0x30 hal/src/hal_io.o
 .debug_aranges
                0x000002d0       0x28 hal/src/hal_sleep.o
 .debug_aranges
                0x000002f8       0x70 hal/src/hal_timer.o
 .debug_aranges
                0x00000368       0xa8 hal/src/hal_usart_sync.o
 .debug_aranges
                0x00000410       0x20 hal/utils/src/utils_assert.o
 .debug_aranges
                0x00000430       0x48 hal/utils/src/utils_list.o
 .debug_aranges
                0x00000478       0x40 hal/utils/src/utils_ringbuffer.o
 .debug_aranges
                0x000004b8       0x60 hal/utils/src/utils_syscalls.o
 .debug_aranges
                0x00000518      0x208 hpl/adc/hpl_adc.o
 .debug_aranges
                0x00000720       0x80 hpl/core/hpl_core_m0plus_base.o
 .debug_aranges
                0x000007a0       0x20 hpl/core/hpl_init.o
 .debug_aranges
                0x000007c0       0x38 hpl/evsys/hpl_evsys.o
 .debug_aranges
                0x000007f8       0x28 hpl/gclk/hpl_gclk.o
 .debug_aranges
                0x00000820       0x20 hpl/mclk/hpl_mclk.o
 .debug_aranges
                0x00000840       0x20 hpl/osc32kctrl/hpl_osc32kctrl.o
 .debug_aranges
                0x00000860       0x28 hpl/oscctrl/hpl_oscctrl.o
 .debug_aranges
                0x00000888       0x30 hpl/pm/hpl_pm.o
 .debug_aranges
                0x000008b8       0x78 hpl/rtc/hpl_rtc.o
 .debug_aranges
                0x00000930      0x508 hpl/sercom/hpl_sercom.o
 .debug_aranges
                0x00000e38       0x88 hpl/tc/hpl_tc.o
 .debug_aranges
                0x00000ec0       0x38 main.o
 .debug_aranges
                0x00000ef8       0x20 stdio_redirect/gcc/read.o
 .debug_aranges
                0x00000f18       0x20 stdio_redirect/gcc/write.o
 .debug_aranges
                0x00000f38       0x38 stdio_redirect/stdio_io.o
 .debug_aranges
                0x00000f70       0x28 stdio_start.o

.debug_ranges   0x00000000      0xfc8
 .debug_ranges  0x00000000       0x10 atmel_start.o
 .debug_ranges  0x00000010       0x18 Device_Startup/startup_saml21.o
 .debug_ranges  0x00000028       0x50 driver_init.o
 .debug_ranges  0x00000078       0xc0 hal/src/hal_adc_async.o
 .debug_ranges  0x00000138       0x20 hal/src/hal_atomic.o
 .debug_ranges  0x00000158       0x98 hal/src/hal_calendar.o
 .debug_ranges  0x000001f0       0x40 hal/src/hal_evsys.o
 .debug_ranges  0x00000230       0x20 hal/src/hal_io.o
 .debug_ranges  0x00000250       0x18 hal/src/hal_sleep.o
 .debug_ranges  0x00000268       0x90 hal/src/hal_timer.o
 .debug_ranges  0x000002f8       0x98 hal/src/hal_usart_sync.o
 .debug_ranges  0x00000390       0x10 hal/utils/src/utils_assert.o
 .debug_ranges  0x000003a0       0x38 hal/utils/src/utils_list.o
 .debug_ranges  0x000003d8       0x30 hal/utils/src/utils_ringbuffer.o
 .debug_ranges  0x00000408       0x50 hal/utils/src/utils_syscalls.o
 .debug_ranges  0x00000458      0x210 hpl/adc/hpl_adc.o
 .debug_ranges  0x00000668       0x70 hpl/core/hpl_core_m0plus_base.o
 .debug_ranges  0x000006d8       0x10 hpl/core/hpl_init.o
 .debug_ranges  0x000006e8       0x28 hpl/evsys/hpl_evsys.o
 .debug_ranges  0x00000710       0x18 hpl/gclk/hpl_gclk.o
 .debug_ranges  0x00000728       0x10 hpl/mclk/hpl_mclk.o
 .debug_ranges  0x00000738       0x10 hpl/osc32kctrl/hpl_osc32kctrl.o
 .debug_ranges  0x00000748       0x18 hpl/oscctrl/hpl_oscctrl.o
 .debug_ranges  0x00000760       0x20 hpl/pm/hpl_pm.o
 .debug_ranges  0x00000780       0x68 hpl/rtc/hpl_rtc.o
 .debug_ranges  0x000007e8      0x6c8 hpl/sercom/hpl_sercom.o
 .debug_ranges  0x00000eb0       0x90 hpl/tc/hpl_tc.o
 .debug_ranges  0x00000f40       0x28 main.o
 .debug_ranges  0x00000f68       0x10 stdio_redirect/gcc/read.o
 .debug_ranges  0x00000f78       0x10 stdio_redirect/gcc/write.o
 .debug_ranges  0x00000f88       0x28 stdio_redirect/stdio_io.o
 .debug_ranges  0x00000fb0       0x18 stdio_start.o

.debug_macro    0x00000000    0x21fc5
 .debug_macro   0x00000000      0x7c8 atmel_start.o
 .debug_macro   0x000007c8      0x89e atmel_start.o
 .debug_macro   0x00001066      0x16d atmel_start.o
 .debug_macro   0x000011d3       0x22 atmel_start.o
 .debug_macro   0x000011f5       0x87 atmel_start.o
 .debug_macro   0x0000127c       0x51 atmel_start.o
 .debug_macro   0x000012cd       0xef atmel_start.o
 .debug_macro   0x000013bc       0x6a atmel_start.o
 .debug_macro   0x00001426      0x1df atmel_start.o
 .debug_macro   0x00001605       0x22 atmel_start.o
 .debug_macro   0x00001627       0x3f atmel_start.o
 .debug_macro   0x00001666       0x1c atmel_start.o
 .debug_macro   0x00001682       0x22 atmel_start.o
 .debug_macro   0x000016a4       0xb5 atmel_start.o
 .debug_macro   0x00001759      0x3ad atmel_start.o
 .debug_macro   0x00001b06      0x714 atmel_start.o
 .debug_macro   0x0000221a      0x8f0 atmel_start.o
 .debug_macro   0x00002b0a      0x279 atmel_start.o
 .debug_macro   0x00002d83      0x21e atmel_start.o
 .debug_macro   0x00002fa1      0x4c3 atmel_start.o
 .debug_macro   0x00003464      0xe12 atmel_start.o
 .debug_macro   0x00004276      0x5e7 atmel_start.o
 .debug_macro   0x0000485d      0x5be atmel_start.o
 .debug_macro   0x00004e1b      0x824 atmel_start.o
 .debug_macro   0x0000563f      0x314 atmel_start.o
 .debug_macro   0x00005953      0x5c6 atmel_start.o
 .debug_macro   0x00005f19      0x21c atmel_start.o
 .debug_macro   0x00006135      0x729 atmel_start.o
 .debug_macro   0x0000685e      0x16f atmel_start.o
 .debug_macro   0x000069cd      0x70f atmel_start.o
 .debug_macro   0x000070dc      0x28c atmel_start.o
 .debug_macro   0x00007368      0x6e1 atmel_start.o
 .debug_macro   0x00007a49      0x2c5 atmel_start.o
 .debug_macro   0x00007d0e      0x3c1 atmel_start.o
 .debug_macro   0x000080cf      0x1a0 atmel_start.o
 .debug_macro   0x0000826f     0x1260 atmel_start.o
 .debug_macro   0x000094cf      0xf4d atmel_start.o
 .debug_macro   0x0000a41c      0x866 atmel_start.o
 .debug_macro   0x0000ac82      0x8ae atmel_start.o
 .debug_macro   0x0000b530     0x19be atmel_start.o
 .debug_macro   0x0000ceee       0xe7 atmel_start.o
 .debug_macro   0x0000cfd5     0x13e6 atmel_start.o
 .debug_macro   0x0000e3bb      0x36a atmel_start.o
 .debug_macro   0x0000e725       0x7c atmel_start.o
 .debug_macro   0x0000e7a1       0xac atmel_start.o
 .debug_macro   0x0000e84d       0xca atmel_start.o
 .debug_macro   0x0000e917       0x4c atmel_start.o
 .debug_macro   0x0000e963       0x94 atmel_start.o
 .debug_macro   0x0000e9f7       0xdc atmel_start.o
 .debug_macro   0x0000ead3       0xb2 atmel_start.o
 .debug_macro   0x0000eb85       0x64 atmel_start.o
 .debug_macro   0x0000ebe9      0x5a4 atmel_start.o
 .debug_macro   0x0000f18d      0x19d atmel_start.o
 .debug_macro   0x0000f32a       0x70 atmel_start.o
 .debug_macro   0x0000f39a       0xa0 atmel_start.o
 .debug_macro   0x0000f43a       0xc4 atmel_start.o
 .debug_macro   0x0000f4fe       0x28 atmel_start.o
 .debug_macro   0x0000f526       0xa0 atmel_start.o
 .debug_macro   0x0000f5c6       0x40 atmel_start.o
 .debug_macro   0x0000f606       0x7c atmel_start.o
 .debug_macro   0x0000f682       0x40 atmel_start.o
 .debug_macro   0x0000f6c2      0x16c atmel_start.o
 .debug_macro   0x0000f82e       0x10 atmel_start.o
 .debug_macro   0x0000f83e       0x34 atmel_start.o
 .debug_macro   0x0000f872       0xee atmel_start.o
 .debug_macro   0x0000f960      0x12b atmel_start.o
 .debug_macro   0x0000fa8b      0x12b atmel_start.o
 .debug_macro   0x0000fbb6      0x12b atmel_start.o
 .debug_macro   0x0000fce1      0x12b atmel_start.o
 .debug_macro   0x0000fe0c      0x12b atmel_start.o
 .debug_macro   0x0000ff37      0x12b atmel_start.o
 .debug_macro   0x00010062       0x5e atmel_start.o
 .debug_macro   0x000100c0       0xfa atmel_start.o
 .debug_macro   0x000101ba       0xfa atmel_start.o
 .debug_macro   0x000102b4       0xfa atmel_start.o
 .debug_macro   0x000103ae       0xfa atmel_start.o
 .debug_macro   0x000104a8       0xfa atmel_start.o
 .debug_macro   0x000105a2      0x124 atmel_start.o
 .debug_macro   0x000106c6       0xfa atmel_start.o
 .debug_macro   0x000107c0       0xee atmel_start.o
 .debug_macro   0x000108ae       0x2e atmel_start.o
 .debug_macro   0x000108dc      0x40f atmel_start.o
 .debug_macro   0x00010ceb       0x3a atmel_start.o
 .debug_macro   0x00010d25      0x42c atmel_start.o
 .debug_macro   0x00011151     0x23fb atmel_start.o
 .debug_macro   0x0001354c       0x90 atmel_start.o
 .debug_macro   0x000135dc       0x10 atmel_start.o
 .debug_macro   0x000135ec       0x10 atmel_start.o
 .debug_macro   0x000135fc       0x16 atmel_start.o
 .debug_macro   0x00013612       0x16 atmel_start.o
 .debug_macro   0x00013628       0x16 atmel_start.o
 .debug_macro   0x0001363e       0x16 atmel_start.o
 .debug_macro   0x00013654       0x16 atmel_start.o
 .debug_macro   0x0001366a       0x16 atmel_start.o
 .debug_macro   0x00013680       0x16 atmel_start.o
 .debug_macro   0x00013696       0x16 atmel_start.o
 .debug_macro   0x000136ac       0x16 atmel_start.o
 .debug_macro   0x000136c2       0x16 atmel_start.o
 .debug_macro   0x000136d8       0x16 atmel_start.o
 .debug_macro   0x000136ee       0x16 atmel_start.o
 .debug_macro   0x00013704       0x16 atmel_start.o
 .debug_macro   0x0001371a       0x16 atmel_start.o
 .debug_macro   0x00013730       0x16 atmel_start.o
 .debug_macro   0x00013746       0x16 atmel_start.o
 .debug_macro   0x0001375c       0x16 atmel_start.o
 .debug_macro   0x00013772       0x16 atmel_start.o
 .debug_macro   0x00013788       0x16 atmel_start.o
 .debug_macro   0x0001379e      0x2e0 atmel_start.o
 .debug_macro   0x00013a7e       0x94 atmel_start.o
 .debug_macro   0x00013b12       0x16 atmel_start.o
 .debug_macro   0x00013b28       0xbe atmel_start.o
 .debug_macro   0x00013be6      0x28c atmel_start.o
 .debug_macro   0x00013e72       0x16 atmel_start.o
 .debug_macro   0x00013e88      0x4d8 atmel_start.o
 .debug_macro   0x00014360       0x16 atmel_start.o
 .debug_macro   0x00014376       0xca atmel_start.o
 .debug_macro   0x00014440       0x1c atmel_start.o
 .debug_macro   0x0001445c       0x16 atmel_start.o
 .debug_macro   0x00014472       0xcf atmel_start.o
 .debug_macro   0x00014541       0x4c atmel_start.o
 .debug_macro   0x0001458d       0x58 atmel_start.o
 .debug_macro   0x000145e5       0x35 atmel_start.o
 .debug_macro   0x0001461a       0x9c atmel_start.o
 .debug_macro   0x000146b6       0x16 atmel_start.o
 .debug_macro   0x000146cc       0x35 atmel_start.o
 .debug_macro   0x00014701      0x34d atmel_start.o
 .debug_macro   0x00014a4e       0x10 atmel_start.o
 .debug_macro   0x00014a5e       0x58 atmel_start.o
 .debug_macro   0x00014ab6       0x1f atmel_start.o
 .debug_macro   0x00014ad5       0x43 atmel_start.o
 .debug_macro   0x00014b18       0x20 atmel_start.o
 .debug_macro   0x00014b38      0x187 atmel_start.o
 .debug_macro   0x00014cbf       0x10 atmel_start.o
 .debug_macro   0x00014ccf       0x1c atmel_start.o
 .debug_macro   0x00014ceb       0x52 atmel_start.o
 .debug_macro   0x00014d3d       0x40 atmel_start.o
 .debug_macro   0x00014d7d       0x10 atmel_start.o
 .debug_macro   0x00014d8d       0x40 atmel_start.o
 .debug_macro   0x00014dcd       0xd7 atmel_start.o
 .debug_macro   0x00014ea4       0x16 atmel_start.o
 .debug_macro   0x00014eba      0x18b atmel_start.o
 .debug_macro   0x00015045      0x374 Device_Startup/startup_saml21.o
 .debug_macro   0x000153b9       0x39 Device_Startup/startup_saml21.o
 .debug_macro   0x000153f2      0x67d driver_init.o
 .debug_macro   0x00015a6f       0xf6 driver_init.o
 .debug_macro   0x00015b65       0xc9 driver_init.o
 .debug_macro   0x00015c2e      0x539 hal/src/hal_adc_async.o
 .debug_macro   0x00016167      0x4d8 hal/src/hal_atomic.o
 .debug_macro   0x0001663f      0x55c hal/src/hal_calendar.o
 .debug_macro   0x00016b9b      0x4ec hal/src/hal_evsys.o
 .debug_macro   0x00017087      0x4eb hal/src/hal_io.o
 .debug_macro   0x00017572      0x4ec hal/src/hal_sleep.o
 .debug_macro   0x00017a5e      0x520 hal/src/hal_timer.o
 .debug_macro   0x00017f7e      0x514 hal/src/hal_usart_sync.o
 .debug_macro   0x00018492      0x4e1 hal/utils/src/utils_assert.o
 .debug_macro   0x00018973       0x10 hal/utils/src/utils_assert.o
 .debug_macro   0x00018983      0x4e5 hal/utils/src/utils_list.o
 .debug_macro   0x00018e68      0x4e5 hal/utils/src/utils_ringbuffer.o
 .debug_macro   0x0001934d      0x1d6 hal/utils/src/utils_syscalls.o
 .debug_macro   0x00019523       0x52 hal/utils/src/utils_syscalls.o
 .debug_macro   0x00019575       0x8d hal/utils/src/utils_syscalls.o
 .debug_macro   0x00019602       0x57 hal/utils/src/utils_syscalls.o
 .debug_macro   0x00019659       0x97 hal/utils/src/utils_syscalls.o
 .debug_macro   0x000196f0      0x353 hal/utils/src/utils_syscalls.o
 .debug_macro   0x00019a43       0xf6 hal/utils/src/utils_syscalls.o
 .debug_macro   0x00019b39       0x4c hal/utils/src/utils_syscalls.o
 .debug_macro   0x00019b85       0x16 hal/utils/src/utils_syscalls.o
 .debug_macro   0x00019b9b       0x10 hal/utils/src/utils_syscalls.o
 .debug_macro   0x00019bab       0x10 hal/utils/src/utils_syscalls.o
 .debug_macro   0x00019bbb       0x35 hal/utils/src/utils_syscalls.o
 .debug_macro   0x00019bf0      0x122 hal/utils/src/utils_syscalls.o
 .debug_macro   0x00019d12      0x53d hpl/adc/hpl_adc.o
 .debug_macro   0x0001a24f      0x6cc hpl/adc/hpl_adc.o
 .debug_macro   0x0001a91b      0x6ba hpl/adc/hpl_adc.o
 .debug_macro   0x0001afd5       0xe1 hpl/adc/hpl_adc.o
 .debug_macro   0x0001b0b6      0x534 hpl/core/hpl_core_m0plus_base.o
 .debug_macro   0x0001b5ea      0x558 hpl/core/hpl_init.o
 .debug_macro   0x0001bb42       0x28 hpl/core/hpl_init.o
 .debug_macro   0x0001bb6a      0x772 hpl/core/hpl_init.o
 .debug_macro   0x0001c2dc      0x532 hpl/evsys/hpl_evsys.o
 .debug_macro   0x0001c80e      0x3e1 hpl/evsys/hpl_evsys.o
 .debug_macro   0x0001cbef      0x4ee hpl/gclk/hpl_gclk.o
 .debug_macro   0x0001d0dd      0x1f4 hpl/gclk/hpl_gclk.o
 .debug_macro   0x0001d2d1      0x4ea hpl/mclk/hpl_mclk.o
 .debug_macro   0x0001d7bb      0x4e5 hpl/osc32kctrl/hpl_osc32kctrl.o
 .debug_macro   0x0001dca0       0xa4 hpl/osc32kctrl/hpl_osc32kctrl.o
 .debug_macro   0x0001dd44      0x4e5 hpl/oscctrl/hpl_oscctrl.o
 .debug_macro   0x0001e229      0x18c hpl/oscctrl/hpl_oscctrl.o
 .debug_macro   0x0001e3b5      0x4f0 hpl/pm/hpl_pm.o
 .debug_macro   0x0001e8a5      0x503 hpl/rtc/hpl_rtc.o
 .debug_macro   0x0001eda8       0x64 hpl/rtc/hpl_rtc.o
 .debug_macro   0x0001ee0c      0x737 hpl/sercom/hpl_sercom.o
 .debug_macro   0x0001f543       0x70 hpl/sercom/hpl_sercom.o
 .debug_macro   0x0001f5b3       0xba hpl/sercom/hpl_sercom.o
 .debug_macro   0x0001f66d       0x10 hpl/sercom/hpl_sercom.o
 .debug_macro   0x0001f67d       0x1c hpl/sercom/hpl_sercom.o
 .debug_macro   0x0001f699       0x22 hpl/sercom/hpl_sercom.o
 .debug_macro   0x0001f6bb       0x10 hpl/sercom/hpl_sercom.o
 .debug_macro   0x0001f6cb      0x55b hpl/tc/hpl_tc.o
 .debug_macro   0x0001fc26       0x10 hpl/tc/hpl_tc.o
 .debug_macro   0x0001fc36       0x83 hpl/tc/hpl_tc.o
 .debug_macro   0x0001fcb9      0x7cf main.o
 .debug_macro   0x00020488      0x644 stdio_redirect/gcc/read.o
 .debug_macro   0x00020acc      0x644 stdio_redirect/gcc/write.o
 .debug_macro   0x00021110      0x63d stdio_redirect/stdio_io.o
 .debug_macro   0x0002174d       0xaf stdio_redirect/stdio_io.o
 .debug_macro   0x000217fc      0x7c9 stdio_start.o

.debug_line     0x00000000    0x18f2c
 .debug_line    0x00000000      0xd9d atmel_start.o
 .debug_line    0x00000d9d      0x76d Device_Startup/startup_saml21.o
 .debug_line    0x0000150a      0xdaf driver_init.o
 .debug_line    0x000022b9      0xd42 hal/src/hal_adc_async.o
 .debug_line    0x00002ffb      0xa5c hal/src/hal_atomic.o
 .debug_line    0x00003a57      0xcd8 hal/src/hal_calendar.o
 .debug_line    0x0000472f      0xa91 hal/src/hal_evsys.o
 .debug_line    0x000051c0      0xa74 hal/src/hal_io.o
 .debug_line    0x00005c34      0xa3c hal/src/hal_sleep.o
 .debug_line    0x00006670      0xbfa hal/src/hal_timer.o
 .debug_line    0x0000726a      0xc3f hal/src/hal_usart_sync.o
 .debug_line    0x00007ea9      0xa26 hal/utils/src/utils_assert.o
 .debug_line    0x000088cf      0xabf hal/utils/src/utils_list.o
 .debug_line    0x0000938e      0xac5 hal/utils/src/utils_ringbuffer.o
 .debug_line    0x00009e53      0x40b hal/utils/src/utils_syscalls.o
 .debug_line    0x0000a25e     0x140d hpl/adc/hpl_adc.o
 .debug_line    0x0000b66b      0xbfa hpl/core/hpl_core_m0plus_base.o
 .debug_line    0x0000c265      0xb06 hpl/core/hpl_init.o
 .debug_line    0x0000cd6b      0xb29 hpl/evsys/hpl_evsys.o
 .debug_line    0x0000d894      0xa90 hpl/gclk/hpl_gclk.o
 .debug_line    0x0000e324      0xa56 hpl/mclk/hpl_mclk.o
 .debug_line    0x0000ed7a      0xa64 hpl/osc32kctrl/hpl_osc32kctrl.o
 .debug_line    0x0000f7de      0xa7d hpl/oscctrl/hpl_oscctrl.o
 .debug_line    0x0001025b      0xa96 hpl/pm/hpl_pm.o
 .debug_line    0x00010cf1      0xd46 hpl/rtc/hpl_rtc.o
 .debug_line    0x00011a37     0x29b0 hpl/sercom/hpl_sercom.o
 .debug_line    0x000143e7      0xd9c hpl/tc/hpl_tc.o
 .debug_line    0x00015183      0xde5 main.o
 .debug_line    0x00015f68      0xb4f stdio_redirect/gcc/read.o
 .debug_line    0x00016ab7      0xb50 stdio_redirect/gcc/write.o
 .debug_line    0x00017607      0xb73 stdio_redirect/stdio_io.o
 .debug_line    0x0001817a      0xdb2 stdio_start.o

.debug_str      0x00000000    0x9c90d
 .debug_str     0x00000000    0x8791d atmel_start.o
                              0x87f3c (size before relaxing)
 .debug_str     0x0008791d      0x524 Device_Startup/startup_saml21.o
                              0x7b7d5 (size before relaxing)
 .debug_str     0x00087e41     0x237b driver_init.o
                              0x865bf (size before relaxing)
 .debug_str     0x0008a1bc      0x60b hal/src/hal_adc_async.o
                              0x8400e (size before relaxing)
 .debug_str     0x0008a7c7       0x63 hal/src/hal_atomic.o
                              0x83167 (size before relaxing)
 .debug_str     0x0008a82a      0x54f hal/src/hal_calendar.o
                              0x83d88 (size before relaxing)
 .debug_str     0x0008ad79       0xca hal/src/hal_evsys.o
                              0x8324f (size before relaxing)
 .debug_str     0x0008ae43       0x2c hal/src/hal_io.o
                              0x83214 (size before relaxing)
 .debug_str     0x0008ae6f       0x46 hal/src/hal_sleep.o
                              0x8314e (size before relaxing)
 .debug_str     0x0008aeb5      0x23a hal/src/hal_timer.o
                              0x83aa6 (size before relaxing)
 .debug_str     0x0008b0ef      0x49e hal/src/hal_usart_sync.o
                              0x83cb4 (size before relaxing)
 .debug_str     0x0008b58d       0x2a hal/utils/src/utils_assert.o
                              0x83177 (size before relaxing)
 .debug_str     0x0008b5b7       0x31 hal/utils/src/utils_list.o
                              0x83221 (size before relaxing)
 .debug_str     0x0008b5e8       0x24 hal/utils/src/utils_ringbuffer.o
                              0x8321d (size before relaxing)
 .debug_str     0x0008b60c      0x77a hal/utils/src/utils_syscalls.o
                               0x732a (size before relaxing)
 .debug_str     0x0008bd86     0x6d40 hpl/adc/hpl_adc.o
                              0x8a774 (size before relaxing)
 .debug_str     0x00092ac6      0x17c hpl/core/hpl_core_m0plus_base.o
                              0x8410a (size before relaxing)
 .debug_str     0x00092c42     0x19b7 hpl/core/hpl_init.o
                              0x85c02 (size before relaxing)
 .debug_str     0x000945f9     0x12ae hpl/evsys/hpl_evsys.o
                              0x89b0d (size before relaxing)
 .debug_str     0x000958a7      0x821 hpl/gclk/hpl_gclk.o
                              0x83ab2 (size before relaxing)
 .debug_str     0x000960c8       0xa5 hpl/mclk/hpl_mclk.o
                              0x83bc9 (size before relaxing)
 .debug_str     0x0009616d      0x479 hpl/osc32kctrl/hpl_osc32kctrl.o
                              0x835ce (size before relaxing)
 .debug_str     0x000965e6      0x8e3 hpl/oscctrl/hpl_oscctrl.o
                              0x83ab1 (size before relaxing)
 .debug_str     0x00096ec9      0x357 hpl/pm/hpl_pm.o
                              0x8352f (size before relaxing)
 .debug_str     0x00097220      0x3c9 hpl/rtc/hpl_rtc.o
                              0x83d5d (size before relaxing)
 .debug_str     0x000975e9     0x4787 hpl/sercom/hpl_sercom.o
                              0x892e7 (size before relaxing)
 .debug_str     0x0009bd70      0xa07 hpl/tc/hpl_tc.o
                              0x84e58 (size before relaxing)
 .debug_str     0x0009c777       0xc7 main.o
                              0x880d4 (size before relaxing)
 .debug_str     0x0009c83e       0x2b stdio_redirect/gcc/read.o
                              0x86f24 (size before relaxing)
 .debug_str     0x0009c869       0x2d stdio_redirect/gcc/write.o
                              0x86f26 (size before relaxing)
 .debug_str     0x0009c896       0x4b stdio_redirect/stdio_io.o
                              0x86fbf (size before relaxing)
 .debug_str     0x0009c8e1       0x2c stdio_start.o
                              0x87f6c (size before relaxing)

.debug_frame    0x00000000     0x2e24
 .debug_frame   0x00000000       0x28 atmel_start.o
 .debug_frame   0x00000028       0x38 Device_Startup/startup_saml21.o
 .debug_frame   0x00000060       0xe4 driver_init.o
 .debug_frame   0x00000144      0x2bc hal/src/hal_adc_async.o
 .debug_frame   0x00000400       0x40 hal/src/hal_atomic.o
 .debug_frame   0x00000440      0x204 hal/src/hal_calendar.o
 .debug_frame   0x00000644       0xb0 hal/src/hal_evsys.o
 .debug_frame   0x000006f4       0x58 hal/src/hal_io.o
 .debug_frame   0x0000074c       0x38 hal/src/hal_sleep.o
 .debug_frame   0x00000784      0x13c hal/src/hal_timer.o
 .debug_frame   0x000008c0      0x1f8 hal/src/hal_usart_sync.o
 .debug_frame   0x00000ab8       0x20 hal/utils/src/utils_assert.o
 .debug_frame   0x00000ad8       0x88 hal/utils/src/utils_list.o
 .debug_frame   0x00000b60       0x94 hal/utils/src/utils_ringbuffer.o
 .debug_frame   0x00000bf4       0xa8 hal/utils/src/utils_syscalls.o
 .debug_frame   0x00000c9c      0x4a0 hpl/adc/hpl_adc.o
 .debug_frame   0x0000113c       0xfc hpl/core/hpl_core_m0plus_base.o
 .debug_frame   0x00001238       0x28 hpl/core/hpl_init.o
 .debug_frame   0x00001260       0x58 hpl/evsys/hpl_evsys.o
 .debug_frame   0x000012b8       0x30 hpl/gclk/hpl_gclk.o
 .debug_frame   0x000012e8       0x20 hpl/mclk/hpl_mclk.o
 .debug_frame   0x00001308       0x20 hpl/osc32kctrl/hpl_osc32kctrl.o
 .debug_frame   0x00001328       0x30 hpl/oscctrl/hpl_oscctrl.o
 .debug_frame   0x00001358       0x40 hpl/pm/hpl_pm.o
 .debug_frame   0x00001398      0x134 hpl/rtc/hpl_rtc.o
 .debug_frame   0x000014cc      0xe9c hpl/sercom/hpl_sercom.o
 .debug_frame   0x00002368      0x128 hpl/tc/hpl_tc.o
 .debug_frame   0x00002490       0x74 main.o
 .debug_frame   0x00002504       0x28 stdio_redirect/gcc/read.o
 .debug_frame   0x0000252c       0x28 stdio_redirect/gcc/write.o
 .debug_frame   0x00002554       0x6c stdio_redirect/stdio_io.o
 .debug_frame   0x000025c0       0x40 stdio_start.o
 .debug_frame   0x00002600       0x20 c:/program files (x86)/atmel/studio/7.0/toolchain/arm/arm-gnu-toolchain/bin/../lib/gcc/arm-none-eabi/6.3.1/thumb/v6-m\libgcc.a(_udivsi3.o)
 .debug_frame   0x00002620       0x20 c:/program files (x86)/atmel/studio/7.0/toolchain/arm/arm-gnu-toolchain/bin/../lib/gcc/arm-none-eabi/6.3.1/thumb/v6-m\libgcc.a(_divsi3.o)
 .debug_frame   0x00002640       0x2c c:/program files (x86)/atmel/studio/7.0/toolchain/arm/arm-gnu-toolchain/bin/../lib/gcc/arm-none-eabi/6.3.1/../../../../arm-none-eabi/lib/thumb/v6-m\libc_nano.a(lib_a-init.o)
 .debug_frame   0x0000266c       0x20 c:/program files (x86)/atmel/studio/7.0/toolchain/arm/arm-gnu-toolchain/bin/../lib/gcc/arm-none-eabi/6.3.1/../../../../arm-none-eabi/lib/thumb/v6-m\libc_nano.a(lib_a-memset.o)
 .debug_frame   0x0000268c       0x50 c:/program files (x86)/atmel/studio/7.0/toolchain/arm/arm-gnu-toolchain/bin/../lib/gcc/arm-none-eabi/6.3.1/../../../../arm-none-eabi/lib/thumb/v6-m\libc_nano.a(lib_a-printf.o)
 .debug_frame   0x000026dc       0x44 c:/program files (x86)/atmel/studio/7.0/toolchain/arm/arm-gnu-toolchain/bin/../lib/gcc/arm-none-eabi/6.3.1/../../../../arm-none-eabi/lib/thumb/v6-m\libc_nano.a(lib_a-puts.o)
 .debug_frame   0x00002720       0x28 c:/program files (x86)/atmel/studio/7.0/toolchain/arm/arm-gnu-toolchain/bin/../lib/gcc/arm-none-eabi/6.3.1/../../../../arm-none-eabi/lib/thumb/v6-m\libc_nano.a(lib_a-setbuf.o)
 .debug_frame   0x00002748       0x30 c:/program files (x86)/atmel/studio/7.0/toolchain/arm/arm-gnu-toolchain/bin/../lib/gcc/arm-none-eabi/6.3.1/../../../../arm-none-eabi/lib/thumb/v6-m\libc_nano.a(lib_a-setvbuf.o)
 .debug_frame   0x00002778       0x48 c:/program files (x86)/atmel/studio/7.0/toolchain/arm/arm-gnu-toolchain/bin/../lib/gcc/arm-none-eabi/6.3.1/../../../../arm-none-eabi/lib/thumb/v6-m\libc_nano.a(lib_a-wbuf.o)
 .debug_frame   0x000027c0       0x2c c:/program files (x86)/atmel/studio/7.0/toolchain/arm/arm-gnu-toolchain/bin/../lib/gcc/arm-none-eabi/6.3.1/../../../../arm-none-eabi/lib/thumb/v6-m\libc_nano.a(lib_a-wsetup.o)
 .debug_frame   0x000027ec       0x68 c:/program files (x86)/atmel/studio/7.0/toolchain/arm/arm-gnu-toolchain/bin/../lib/gcc/arm-none-eabi/6.3.1/../../../../arm-none-eabi/lib/thumb/v6-m\libc_nano.a(lib_a-fflush.o)
 .debug_frame   0x00002854      0x140 c:/program files (x86)/atmel/studio/7.0/toolchain/arm/arm-gnu-toolchain/bin/../lib/gcc/arm-none-eabi/6.3.1/../../../../arm-none-eabi/lib/thumb/v6-m\libc_nano.a(lib_a-findfp.o)
 .debug_frame   0x00002994       0x58 c:/program files (x86)/atmel/studio/7.0/toolchain/arm/arm-gnu-toolchain/bin/../lib/gcc/arm-none-eabi/6.3.1/../../../../arm-none-eabi/lib/thumb/v6-m\libc_nano.a(lib_a-fwalk.o)
 .debug_frame   0x000029ec       0x54 c:/program files (x86)/atmel/studio/7.0/toolchain/arm/arm-gnu-toolchain/bin/../lib/gcc/arm-none-eabi/6.3.1/../../../../arm-none-eabi/lib/thumb/v6-m\libc_nano.a(lib_a-makebuf.o)
 .debug_frame   0x00002a40       0x40 c:/program files (x86)/atmel/studio/7.0/toolchain/arm/arm-gnu-toolchain/bin/../lib/gcc/arm-none-eabi/6.3.1/../../../../arm-none-eabi/lib/thumb/v6-m\libc_nano.a(lib_a-malloc.o)
 .debug_frame   0x00002a80       0x2c c:/program files (x86)/atmel/studio/7.0/toolchain/arm/arm-gnu-toolchain/bin/../lib/gcc/arm-none-eabi/6.3.1/../../../../arm-none-eabi/lib/thumb/v6-m\libc_nano.a(lib_a-nano-freer.o)
 .debug_frame   0x00002aac       0x2c c:/program files (x86)/atmel/studio/7.0/toolchain/arm/arm-gnu-toolchain/bin/../lib/gcc/arm-none-eabi/6.3.1/../../../../arm-none-eabi/lib/thumb/v6-m\libc_nano.a(lib_a-nano-mallocr.o)
 .debug_frame   0x00002ad8       0x9c c:/program files (x86)/atmel/studio/7.0/toolchain/arm/arm-gnu-toolchain/bin/../lib/gcc/arm-none-eabi/6.3.1/../../../../arm-none-eabi/lib/thumb/v6-m\libc_nano.a(lib_a-nano-vfprintf.o)
 .debug_frame   0x00002b74       0x54 c:/program files (x86)/atmel/studio/7.0/toolchain/arm/arm-gnu-toolchain/bin/../lib/gcc/arm-none-eabi/6.3.1/../../../../arm-none-eabi/lib/thumb/v6-m\libc_nano.a(lib_a-nano-vfprintf_i.o)
 .debug_frame   0x00002bc8       0x2c c:/program files (x86)/atmel/studio/7.0/toolchain/arm/arm-gnu-toolchain/bin/../lib/gcc/arm-none-eabi/6.3.1/../../../../arm-none-eabi/lib/thumb/v6-m\libc_nano.a(lib_a-sbrkr.o)
 .debug_frame   0x00002bf4       0x90 c:/program files (x86)/atmel/studio/7.0/toolchain/arm/arm-gnu-toolchain/bin/../lib/gcc/arm-none-eabi/6.3.1/../../../../arm-none-eabi/lib/thumb/v6-m\libc_nano.a(lib_a-stdio.o)
 .debug_frame   0x00002c84       0x2c c:/program files (x86)/atmel/studio/7.0/toolchain/arm/arm-gnu-toolchain/bin/../lib/gcc/arm-none-eabi/6.3.1/../../../../arm-none-eabi/lib/thumb/v6-m\libc_nano.a(lib_a-writer.o)
 .debug_frame   0x00002cb0       0x2c c:/program files (x86)/atmel/studio/7.0/toolchain/arm/arm-gnu-toolchain/bin/../lib/gcc/arm-none-eabi/6.3.1/../../../../arm-none-eabi/lib/thumb/v6-m\libc_nano.a(lib_a-closer.o)
 .debug_frame   0x00002cdc       0x2c c:/program files (x86)/atmel/studio/7.0/toolchain/arm/arm-gnu-toolchain/bin/../lib/gcc/arm-none-eabi/6.3.1/../../../../arm-none-eabi/lib/thumb/v6-m\libc_nano.a(lib_a-fstatr.o)
 .debug_frame   0x00002d08       0x2c c:/program files (x86)/atmel/studio/7.0/toolchain/arm/arm-gnu-toolchain/bin/../lib/gcc/arm-none-eabi/6.3.1/../../../../arm-none-eabi/lib/thumb/v6-m\libc_nano.a(lib_a-isattyr.o)
 .debug_frame   0x00002d34       0x2c c:/program files (x86)/atmel/studio/7.0/toolchain/arm/arm-gnu-toolchain/bin/../lib/gcc/arm-none-eabi/6.3.1/../../../../arm-none-eabi/lib/thumb/v6-m\libc_nano.a(lib_a-lseekr.o)
 .debug_frame   0x00002d60       0x20 c:/program files (x86)/atmel/studio/7.0/toolchain/arm/arm-gnu-toolchain/bin/../lib/gcc/arm-none-eabi/6.3.1/../../../../arm-none-eabi/lib/thumb/v6-m\libc_nano.a(lib_a-memchr-stub.o)
 .debug_frame   0x00002d80       0x30 c:/program files (x86)/atmel/studio/7.0/toolchain/arm/arm-gnu-toolchain/bin/../lib/gcc/arm-none-eabi/6.3.1/../../../../arm-none-eabi/lib/thumb/v6-m\libc_nano.a(lib_a-mlock.o)
 .debug_frame   0x00002db0       0x2c c:/program files (x86)/atmel/studio/7.0/toolchain/arm/arm-gnu-toolchain/bin/../lib/gcc/arm-none-eabi/6.3.1/../../../../arm-none-eabi/lib/thumb/v6-m\libc_nano.a(lib_a-readr.o)
 .debug_frame   0x00002ddc       0x48 c:/program files (x86)/atmel/studio/7.0/toolchain/arm/arm-gnu-toolchain/bin/../lib/gcc/arm-none-eabi/6.3.1/../../../../arm-none-eabi/lib/thumb/v6-m\libc_nano.a(lib_a-reent.o)
